{
    "template": "09",
    "data": {
        "applicant_position": "矿山工程机械设备维修工程师（国外）",
        "applicant_company": "寰宇矿业有限公司",
        "update_time": 1430496000,
        "city": "深圳",
        "residence": "湖南省",
        "address": "深圳宝安凤凰岗村",
        "phone": "14760708439",
        "email": "wjn18899@163.com",
        "last_company": "深圳恒隆盛科技有限公司（2年3月）",
        "industry": "计算机硬件",
        "last_position": "生产经理",
        "degree": "大专",
        "major": "电子信息科学与技术",
        "school": "湖南轻工业学校",
        "postcode": "518000",
        "work_year": "10年以上",
        "sex": "男",
        "birth_year": 1974,
        "true_id": "56005998",
        "name": "吴江南",
        "self_str": "本人从事电子行业多年熟悉炬力，瑞星微等方案公司的平板脑（MID）.GPS.MP3 4. U盘.GPS.数码相框.车载数码.移动DVD及液晶电视等电子产品，从事过工程职位两年,生产管理8年。管理一直以“事事以制度而定；人人以制度而做”和人性化的管理方法，熟悉ISO9000、7S、在生产过程中讲成本.讲品质.讲效益.生产指标量化及绩效管理，熟悉品质过程控制手段；熟悉物料管控,生产安排,人员培训.人力调配.现场管理工作；熟悉SMT回炉焊、DIP波峰焊PCBA板的加工、ICT等设备；工作积极\\善于沟通\\处理事情细致\\工作细化\\做事稳重；了解电子数码产品工作原理，熟悉数码产品的不良品原因的分析.维修，改善措施和防治措施.对电子数码产品生产工艺流程和品质管制制度熟悉。",
        "jump_time": "即时",
        "work_property": "全职",
        "target_industry": "电子技术/半导体/集成电路，计算机硬件",
        "target_city": "深圳，宁波，金华，温州，杭州",
        "target_position": "生产经理/车间主任，生产主管/督导/领班/组长，工厂经理/厂长，生产总监",
        "work_status": "目前正在找工作",
        "career": [
            {
                "start_time": 1285862400,
                "end_time": 1406822400,
                "company": "深圳恒隆盛科技有限公司（2年3月）\r",
                "industry": "计算机硬件",
                "department": "生产部",
                "position": "生产经理",
                "duty": "本厂拥有员工200余人，主要是模具制造，生产平产板电脑（MID）MP3.MP4.U盘.GPS.数码相框.移动DVD及液晶电视等产品，本人主要负责生产组织与管制体系建立及推行；负责工程.采购.生产.品质部门的協调工作;设备工作状况督察;生产物料情况；制程管制及生产工艺流程的改进；生产异常解决；生产物料在生产现场管制；车间日常事务的处理；生产排期计划之执行,生产效率与生产成本和产品质量目标达成情况之确认；负责本部门人员组织和教育训练等工作。"
            },
            {
                "start_time": 1141142400,
                "end_time": 1277913600,
                "company": "联维亚科技\r",
                "industry": "计算机服务(系统、数据服务、维修)",
                "department": "生产部",
                "position": "生产主管",
                "duty": "该厂拥有员工1000余人，主要模具制造，注塑，生产MP3、MP4、U盘、GPS 电子相册等高科技产品，本人主要负责生产计划之执行；人力调配、产品质量以及生产效率达成情况的确认；督察.维护和保养相关设施、设备、量具在生产过程中的工作情况；组织、督促生产车间工作完成情况；掌控生产物料在生产运作过程中是否正常生产；负责本部门员工教育训练等工作。"
            },
            {
                "start_time": 1046448000,
                "end_time": 1138723200,
                "company": "唐峰电器\r",
                "industry": "家具/家电/玩具/礼品",
                "department": "生产部",
                "position": "PE工程",
                "duty": "该厂拥有员工2000余人，主要注塑，生产电子烤箱、果汁机、碎纸机等电器产品，本人主要负责生产部生产技术的指导和生产异常处理;生产现场不良品的跟踪及改善措施;生产工艺流程的修订制定"
            }
        ],
        "education": [
            {
                "start_time": 746812800,
                "end_time": 867686400,
                "school": "湖南轻工业学校",
                "major": "电子信息科学与技术",
                "degree": "大专"
            }
        ]
    }
}