{
    "template": "09",
    "data": {
        "applicant_position": "分店会计（无锡崇安区）（无锡）",
        "applicant_company": "上海浙港广告器材有限公司",
        "update_time": 1415203200,
        "resume_keywords": "毕业生 财务 男性 吃苦耐劳 充满活力 态度认真 处事严谨",
        "city": "无锡-滨湖区",
        "residence": "无锡",
        "phone": "18626318708",
        "email": "hcyguyuee@126.com",
        "last_company": "无锡祥生医学影像有限责任公司",
        "industry": "医疗设备/器械",
        "last_position": "财务/会计助理",
        "degree": "本科",
        "major": "会计学",
        "school": "盐城师范学院",
        "sex": "男",
        "birth_year": 1990,
        "true_id": "304023727",
        "name": "胡晨奕",
        "self_str": "我是一名乐观向上，处事严谨，有较强的协调组织和适应能力的会计学专业应届毕业生。工作中我态度认真负责，重视团队协作，在校期间与同学相处融洽，热情助人并积极参加班级学校组织的活动，并能在活动中充分发挥自己的作用。实习期间的经历帮助我养成了独立工作的素质、提高了财务分析能力。",
        "jump_time": "一周以内",
        "work_property": "全职",
        "target_industry": "汽车及零配件，贸易/进出口，建筑/建材/工程，医疗设备/器械，会计/审计",
        "target_city": "无锡",
        "target_position": "财务/会计助理",
        "work_status": "目前正在找工作",
        "career": [
            {
                "start_time": 1393603200,
                "end_time": 1406822400,
                "company": "无锡祥生医学影像有限责任公司",
                "size": "150-500人",
                "industry": "医疗设备/器械",
                "department": "财务",
                "position": "财务/会计助理",
                "duty": "两家全资子公司的账务处理，记账凭证的装订，开具国内、外销售发票，每月进项税额差异比对，国内外货款到款查询通报，联络银行及税局，各类基础EXCEL表格的制作填制。临时性担任出纳工作如：登记公司的现金日记账、银行存款日记账，核对库存现金、银行存款余额，每日现金，银行报表的编制等。"
            }
        ],
        "education": [
            {
                "start_time": 1283270400,
                "end_time": 1401552000,
                "school": "盐城师范学院",
                "major": "会计学",
                "degree": "本科",
                "class": "会计学 人力资源管理 统计学 审计 税法"
            }
        ]
    }
}