{
    "template": "09",
    "data": {
        "name": "薛慕男",
        "sex": "男",
        "birth_year": 1981,
        "city": "北京市",
        "work_year": "三年以上",
        "residence": "北京",
        "current_salary": "10-15万人民币",
        "address": "北京松榆西里",
        "postcode": "100021",
        "email": "xmnld@yahoo.com",
        "phone": "13641214523",
        "self_str": "个人评价：#br#1、本人比较适合市场开拓型工作，可以独立开发市场。#br#2、进入工作状态较快，善于独立思考。善于综合市场信息，对市场动向敏感。#br#3、有组织能力。能够良好的协调与客户及合作单位的关系。",
        "work_property": "全职",
        "target_city": "北京市",
        "target_salary": "面议/月",
        "career": [
            {
                "start_time": 1104508800,
                "end_time": 2147483647,
                "company": "某国际展览有限公司",
                "industry": "公关/市场推广/会展",
                "department": "外展",
                "position": "其他",
                "duty": "从业经历：#br#1、2006年1月至今，就职于“某国际展览有限公司”担任经理助理和项目经理职位#br#主要工作内容：#br#1、负责市场调研。目标是为国内企业选择有商机的国家并且准确的确定该国适合中国企业参加的专业展会。#br#2、明确目标国家及行业展会后。询问国外代理政策以及相关工作流程，与国外项目负责人洽谈代理展会的事宜。#br#3、制定报价。综合运用网络、邮寄、电话、参展等方式宣传已经取得代理资格的国际展会，开展招展组织工作。时时保持与境外的沟通。#br#4、带团出国。协调境外发生的种种事宜，确保展会圆满完成。#br#创业经历：#br#建立超市方便袋广告传媒。失败告终。#br#个人评价：#br#1、本人比较适合市场开拓型工作，可以独立开发市场。#br#2、进入工作状态较快，善于独立思考。善于综合市场信息，对市场动向敏感。#br#3、有组织能力可以带领团队开发市场。能够良好的协调与客户及合作单位的关系。#br#职业倾向：#br#希望从事销售与市场相结合的工作。#br#对雇主要求：#br#1、希望贵司有一个开明的领导。#br#2、希望贵司有一个良好的工作平台，尤其是品牌。#br#3、希望贵司人际关系简单、和谐。#br#4、希望贵司信任员工、给予平台去发挥，并且鼓励员工独立思考以及创新的工作方法。#br#5、希望贵司有明确的规章制度，明确的销售与提奖指标。#br#6、希望贵司重视员工培训。#br#7、希望贵司爱你的员工。#br#附言：#br#如果贵司有天高任鸟飞的胸怀；如果贵司有明确的市场定位；如果贵司有一致的理想。我希望加入你们的集体。",
                "left_reason": "希望给予自己更大的平台",
                "performance": "从业成绩：#br#1、2006年成功组织国内11家企业出国参加“巴黎工业配件展览会”。#br#2、2007年，经过市场调研，组织中国企业开拓俄罗斯工程机械市场。经与国外洽谈使我司成为该展会的中国总代理。今年6月，组织国内14家企业出国参加。其中代表企业有：一拖国贸、鼎盛天工、广州京龙和福田重工。#br#3、2007年，经过市场调研组织中国企业开拓中东工程机械市场，经过洽谈使我司成为该展会的中国总代理。经组织，目前国内17家企业报名参加。展会开幕于11月，目前尚未出团。"
            }
        ],
        "education": [
            {
                "start_time": 962380800,
                "end_time": 1088611200,
                "school": "南京理工大学",
                "major": "机械设计制造及其自动化",
                "degree": "本科",
                "class": "机械设计制造及其自动化"
            }
        ]
    }
}