{
    "template": "09",
    "data": {
        "name": "郑仕清",
        "sex": "男",
        "birth_year": 1979,
        "city": "深圳市",
        "work_year": "五年以上",
        "residence": "广东",
        "current_salary": "10-15万人民币",
        "address": "广东深圳市",
        "postcode": "510000",
        "email": "ebooq@yahoo.com.cn",
        "phone": "13688808161",
        "self_str": "本人性格开朗，诚实，热爱运动，富有责任感。",
        "work_property": "全职",
        "target_industry": "银行",
        "target_city": "深圳市",
        "target_salary": "10000-14999/月",
        "target_position": "进出口/信用证结算，外汇交易，高级客户经理/客户经理",
        "career": [
            {
                "start_time": 1117555200,
                "end_time": 2147483647,
                "company": "星展银行（中国）有限公司深圳分行单证",
                "industry": "银行",
                "department": "贸易服务部",
                "position": "进出口/信用证结算",
                "duty": "能够熟练处理国际结算业务,精通贸易服务流程,善于控制操作风险和监控客户资信#br#熟悉外汇会计原理及会计处理流程,外汇买卖以及头寸管理,汇款结算.#br#熟悉外汇管理条例#br#擅长翻译金融类英语文章#br#取得计算机辅修毕业证，熟悉单证业务计算机系统和其他应用软件"
            },
            {
                "start_time": 1025452800,
                "end_time": 1114876800,
                "company": "中国工商银行顺德支行国际部国际结算",
                "industry": "银行",
                "department": "国际部",
                "position": "进出口/信用证结算",
                "duty": "熟悉国际惯列和信用证统一规则，能够熟练处理国际结算业务,负责国际结算,外币资产负债表的统计,掌握统计分析原理#br#掌握外汇会计原理及会计处理流程,外汇买卖以及头寸管理,汇款结算.#br#熟悉外汇管理条例#br#负责单证业务系统维护管理"
            }
        ],
        "education": [
            {
                "start_time": 951840000,
                "end_time": 1025452800,
                "school": "华南理工大学",
                "major": "计算机科学与技术",
                "degree": "",
                "class": "其他"
            },
            {
                "start_time": 904579200,
                "end_time": 1025452800,
                "school": "广东工业大学",
                "major": "国际经济与贸易",
                "degree": "本科"
            }
        ]
    }
}