{
    "template": "09",
    "data": {
        "applicant_position": "SalesRepresentative（合肥）",
        "applicant_company": "爱立信（中国）通信有限公司（Ericsson）-客户区域",
        "update_time": 1305734400,
        "city": "安徽省",
        "residence": "合肥",
        "phone": "18655159444",
        "email": "huiwentao@163.com",
        "last_company": "中国惠普有限公司",
        "industry": "办公用品及设备",
        "last_position": "PSR",
        "degree": "本科",
        "major": "市场营销",
        "school": "陕西师范大学",
        "current_salary": "8-10万人民币",
        "work_year": "五年以上",
        "sex": "男",
        "birth_year": 1979,
        "true_id": "75642327",
        "name": "惠文涛",
        "self_str": "1，我是一个非常乐观自信的人，在面对压力和失败的时候，能够迅速的调整自己的状态，然后在最短的时间内以饱满的热情再次投入到工作中去；#br#2，善于学习和询问，对于自己不懂或者不太清楚的，会很好的学习和询问，直到自己了然于胸；#br#3，开诚布公的态度，对于任何事情都会很诚恳的和客户或者同事领导进行沟通，无论是好的还是坏的，共同商讨对策，能够很好的取得客户的信任；#br#4，亲和力。",
        "jump_time": "待定",
        "work_property": "全职",
        "target_position": "客户经理/主管，销售经理，区域销售经理，企业策划人员，市场/营销/拓展经理",
        "career": [
            {
                "start_time": 1209571200,
                "end_time": 2147483647,
                "company": "中国惠普有限公司",
                "size": "500人",
                "industry": "贸易/进出口",
                "department": "IPG-SUPPLIES",
                "position": "PSR",
                "duty": "负责整个安徽地区的耗材产品销售，在我刚刚入职的时候，安徽只有三家合作的经销商，一个Q的销售额为400万人民币，而到FY10 Q1的时候，基本可以达到700万，经销商也增加到13家，在FY11 Q1结束，目前的销售额为1000万，经销商基本稳定在了10家左右2006\r\n      /10--2008\r\n      /5：大金（中国）投资有限公司\r\n                        [ 1 年7个月]2005\r\n      /6--2006\r\n      /10：广东美的微波炉制造有限公司\r\n                        [ 1 年4个月]2004\r\n      /6--2005\r\n      /6：深圳市东美电器有限公司\r\n                        [ 1 年]"
            }
        ],
        "education": [
            {
                "start_time": 967737600,
                "end_time": 1088611200,
                "school": "陕西师范大学",
                "major": "市场营销",
                "degree": "本科"
            }
        ]
    }
}