{
    "template": "09",
    "data": {
        "update_time": 1417449600,
        "city": "深圳-南山区",
        "phone": "18607551917",
        "email": "383551651@qq.com",
        "last_company": "迅雷网络",
        "industry": "互联网/电子商务",
        "last_position": "互联网软件开发工程师",
        "degree": "本科",
        "major": "软件工程",
        "school": "西安电子科技大学",
        "work_year": "3-4年",
        "sex": "男",
        "birth_year": 1986,
        "true_id": "320245978",
        "name": "曹潇彬",
        "self_str": "工作期望：个人对系统运行原理、二进制漏洞的研究和防护有浓厚的兴趣，对利用系统机制进行漏洞攻防有很好的认识，希望从事一份跟安全、逆向有关的工作。#br#个人评价：为人真诚，做事踏实，性格沉稳，具有良好的团队合作精神。",
        "jump_time": "一个月内",
        "work_property": "全职",
        "target_city": "深圳，杭州，珠海",
        "target_position": "互联网/电子商务/网游，计算机软件",
        "work_status": "目前正在找工作",
        "career": [
            {
                "start_time": 1309449600,
                "end_time": 2147483647,
                "company": "迅雷网络",
                "size": "1000-5000人",
                "industry": "互联网/电子商务",
                "department": "云计算",
                "position": "互联网软件开发工程师",
                "duty": "毕业后进入迅雷云计算部门，经历了3个项目：#br#1.离线任务管理（2011.7 – 2012.5）#br#在迅雷7上展示用户离线空间的任务，使云端任务提供像本地任务一样的操作体验。在这个项目中我主要负责的是逻辑部分，用C++实现。积累了C++的经验，也对大型客户端的开发流程规范有了很好的认识。#br#2.离线高速重构（2012.5 – 2014.4）#br#基于公司新一代架构的迅雷7，离线高速等会员相关服务需要重构，并移植到新架构迅雷7。利用过去一年时间对高速离线的理解，并结合自己积累的技术对离线高速进行了重构，在稳定功能的基础上，将高速CDN服务器的负载降低了30%左右。#br#3.迅雷家园（2014.4 – 至今）#br#家园为用户提供了资源推荐、搜索资源、预览资源、管理离线空间等功能。接触到了一个独立客户端的全部开发流程，对发布一个客户端有了整体的认识。使用Nginx+Lua+Redis的模式开发了资源推荐的服务器后台，了解了如何开发大规模请求的http服务器程序。"
            }
        ],
        "education": [
            {
                "start_time": 1188576000,
                "end_time": 1309449600,
                "school": "西安电子科技大学",
                "major": "软件工程",
                "degree": "本科"
            }
        ]
    }
}