{
    "template": "09",
    "data": {
        "name": "张玉芬",
        "sex": "女",
        "birth_year": 1985,
        "city": "北京市",
        "work_year": "",
        "residence": "北京",
        "address": "北京市朝阳区马泉营南里2号楼1单元104",
        "postcode": "100022",
        "email": "zhangyufen1201@sina.com",
        "phone": "13811851201",
        "self_str": "我是一名08年就要毕业的大学生，有着年轻人特有的青春活力，在校时曾参加很多的学生社团，很良好的组织能力。现在是一名中共党员，同时也是班内团支部书记，做事认真负责，有很强的责任感。很好的团队合作精神",
        "work_property": "全职",
        "target_industry": "房地产开发\r\n，建筑与工程\r\n，家居/室内设计/装潢",
        "target_city": "北京市",
        "target_salary": "面议\r\n/月",
        "career": [
            {
                "start_time": 1206979200,
                "end_time": 1209571200,
                "company": "广州中望龙腾CAD软件有限公司北京分公司",
                "industry": "计算机软件",
                "department": "技术部",
                "position": "软件工程师",
                "duty": "做CAD软件的技术支持，帮助绘图人员解决绘图中遇到的技术问题"
            }
        ],
        "education": [
            {
                "start_time": 1093968000,
                "end_time": 2147483647,
                "school": "北京工业大学",
                "major": "土木工程",
                "degree": "本科",
                "class": "本专业培养掌握工程力学、流体力学、岩土力学和市政工程学科的基本理论和基本知识，具备从事土木工程的项目规划、设计、研究开发、施工及管理的能力，能在房屋建筑、地下建筑、隧道、道路、桥梁、矿井等的设计、研究、施工、教育、管理、投资、开发部门从事技术或管理工作的高级工程技术人才。"
            }
        ]
    }
}