{
    "template": "02",
    "data": {
        "name": "于洪福",
        "sex": "男",
        "email": "hongfuyu@gmail.com",
        "birth_year": 1983,
        "phone": "18601153641",
        "city": "北京",
        "marriage": "已婚",
        "work_begin": "2009",
        "industry": "通信(设备·运营·增值)",
        "last_company": "华为技术有限公司",
        "last_position": "技术经理",
        "degree": "硕士",
        "current_salary": "24.0万",
        "target_salary": "20000",
        "target_industry": "通信(设备·运营·增值)",
        "target_position": "技术总监·技术经理",
        "target_city": "北京",
        "career": [
            {
                "company": "华为技术有限公司",
                "description": "国内最大通信设备商",
                "nature": "私营·民营企业",
                "size": "10000人以上",
                "industry": "通信(设备·运营·增值)",
                "position": "技术支持 技术经理",
                "start_time": 1238515200,
                "end_time": 2147483647,
                "salary": "20000元/月",
                "city": "北京",
                "department": "企业网BG",
                "report_to": "部长",
                "underlings": "3人",
                "duty": "负责企业网系统技术支持和解决方案输出，并进行产品维护",
                "performance": "多次得到客户和公司内部表演"
            }
        ],
        "education": [
            {
                "start_time": 1151683200,
                "end_time": 1235836800,
                "school": "北京邮电大学",
                "major": "计算机科学与技术",
                "degree": "硕士"
            },
            {
                "start_time": 1030809600,
                "end_time": 1149091200,
                "school": "北京邮电大学",
                "major": "电子信息科学与技术",
                "degree": "本科"
            }
        ],
        "projects": [
            {
                "start_time": 1312128000,
                "end_time": 2147483647,
                "name": "WJ有线网扩容和改造项目",
                "position": "全国总项目经理和技术经理",
                "description": "本项目作为HW公司2011企业网BG最大的数通项目，项目金额达到数千万，而且客户群体十分重要，得到了公司内部十分重要的重视。",
                "duty": "本人项目初期担任技术经理职责，负责所有技术方案的编写和制定，后续由于种种原因兼任项目经理职责，后期担任维护经理。",
                "performance": "本项目作为地区部级重点项目，得到了公司和客户的广泛重视，由于出色的完成了项目，得到了客户的好评。"
            },
            {
                "start_time": 1306857600,
                "end_time": 1309449600,
                "name": "总参北京片区网络改造",
                "position": "技术经理",
                "description": "项目涉密，主要是总参全国网络北京片区的局域网改造和业务割接",
                "duty": "担任技术经理，负责所有技术方案的编写和制定。",
                "performance": ""
            },
            {
                "start_time": 1301587200,
                "end_time": 1306857600,
                "name": "宝视通项目全国网改造项目",
                "position": "技术经理",
                "description": "此次项目涉及了宝视通全国网落改造，宝视通作为联通集团的大客户视频会议系统，承载了十分重要的角色，此次网络改造涉及到将宝视通业务从现有北电网络割接到现有的联通承载网A网上，任务繁重，并且涉及到跨厂商跨产品的技术沟通，技术难度大。",
                "duty": "担任技术经理职责，负责方案制定和网络方面集成工作。",
                "performance": "此次项目做完大流量业务在运营商承载网上运行的首例，而且组网复杂，本人起到了枢纽的作用，得到了客户和公司的好评。"
            },
            {
                "start_time": 1293811200,
                "end_time": 1301587200,
                "name": "ZXB网络平台扩容项目",
                "position": "技术经理",
                "description": "次项目为涉密项目，主要涉及全网设备的替换和改造。",
                "duty": "本人项目初期担任技术经理职责，负责所有技术方案的编写和制定。",
                "performance": ""
            },
            {
                "start_time": 1293811200,
                "end_time": 1298908800,
                "name": "铁道部GSM-R网络平台替换项目",
                "position": "技术经理",
                "description": "此项目主要是铁道部GSM-R网络项目中数通配套项目，项目中涉及到多处替换思科和跨厂商配合测试的项目，主要负责完成无线与核心网直接连通性工作。",
                "duty": "本人项目初期担任技术经理职责，负责所有技术方案的编写和制定。",
                "performance": ""
            },
            {
                "start_time": 1288540800,
                "end_time": 1291132800,
                "name": "CMNet网络扩容项目中安全策略部署",
                "position": "技术经理",
                "description": "CMnet是中国移动2张骨干网之一，此次扩容对于CMnet的意义十分重要，我司在这项工程中主要负责对新建设备的流量控制和安全策略的制定。",
                "duty": "本人项目初期担任技术经理职责，负责所有技术方案的编写和制定。",
                "performance": ""
            },
            {
                "start_time": 1283270400,
                "end_time": 1288540800,
                "name": "中国移动集团总部财团网络建设项目",
                "position": "技术经理",
                "description": "此项目是中国移动集团和4大银行之间的新建的一套新的行业网络，负责银行与移动集团之间的财务结算，项目意义重大。我司在项目中的主要职责是负责移动和4厂商之间流量控制和安全策略的制定和实施",
                "duty": "本人项目初期担任技术经理职责，负责所有技术方案的编写和制定，并负责网络侧的集成工作。",
                "performance": ""
            },
            {
                "start_time": 1280592000,
                "end_time": 1285862400,
                "name": "中国移动设计院2010网络平台扩容项目",
                "position": "技术经理",
                "description": "此次项目是中国移动设计院全国范围内所有分院的网络平台扩容改造，涉及到从接入汇聚核心所有设备的替换改造，同时根据现网情况改造现在分院接入总院的不同情况，工作繁琐而且重要，通过自己努力的工作，出色的完成了任务，得到了客户和公司的好评。",
                "duty": "本人项目初期担任技术经理职责，负责所有技术方案的编写和制定，并负责相关项目的集成工作。",
                "performance": ""
            },
            {
                "start_time": 1275321600,
                "end_time": 1283270400,
                "name": "支持IP承载网5期扩容项目",
                "position": "技术支持",
                "description": "此项目是IP承载网第5期扩容项目，IP承载网作为移动2张骨干网之一，地位特别注意，此次扩容也直接关系到IP承载网的稳定性和承载能力，在此次项目中本人被临时抽调到项目组，但是认真负责，很好的完成了此次扩容赋予的工作。",
                "duty": "负责承载网QoS专项的整改。",
                "performance": ""
            },
            {
                "start_time": 1267372800,
                "end_time": 1275321600,
                "name": "中国移动集团组播、OAM和CSC比拼测试项目",
                "position": "测试技术经理",
                "description": "应公司要求多技术多产品的融合号召，进行数通方面的技术工作。此项目的测试结果关系到2010-2011中国移动网络设备集采的份额，所以测试的结果公司十分重视。由于组播、OAM和CSC都是网络技术中比较复杂的技术，而且涉及到跨厂商融合测试，所以在测试过程中遇到了比较大的困难，但是通过自己的努力和公司的支持，很好的完成了测试工作，几项指标都在前列，为新一年的集采做出了贡献。",
                "duty": "担任测试方案评估和具体比拼测试",
                "performance": "测试结果得到了公司内部的认可和表演。"
            },
            {
                "start_time": 1259596800,
                "end_time": 1264953600,
                "name": "吉林省TD-SCDMA3-4期新建工程",
                "position": "技术经理",
                "description": "此项目前期由于客户投诉比较多，公司紧急派我到吉林市担任省技术经理工作，负责长春市、吉林市、通化市、辽阳市、白山市的技术工作。在工作过程中很好的处理了吉林和长春3期遗留问题，并完成了5地市的4期新建工程，给客户提交了一个很好的TD网络，得到了客户和公司的认可。",
                "duty": "负责进行技术遗留问题解决和技术方案输出。",
                "performance": "由于很好的解决了遗留问题，得到了客户和公司内部高度的认可。"
            },
            {
                "start_time": 1251734400,
                "end_time": 1259596800,
                "name": "华为公司TD-SCDMA3期总体组工作",
                "position": "技术经理",
                "description": "此项目为TD3期总体组工作。总体组作为全国TD-SCDMA的总体接口组，负责全国所有局点的TD技术问题，对技术也有很高的需求，本人在总体组负责支持陕西省、宁夏省、河北省和内蒙古4个省的技术问题。多次保障支持4省割接等重大操作，解决4省多个疑难技术问题，并协助输出多项技术方案，得到了领导和同事的认可。",
                "duty": "担任华为公司TD-SCDMA3期总体组技术专家工作",
                "performance": "得到了所负责片区的高度认可。"
            },
            {
                "start_time": 1243785600,
                "end_time": 1251734400,
                "name": "广东省TD-SCDMA网络新建和改造工程",
                "position": "技术经理",
                "description": "此次为黑莓第一次进入中国市场，项目中涉及了黑莓业务的割接入网、彩信网关改造和CPE业务改造等一系类项目，在此次项目中作为技术负责人，完成了此次方案的编写和实施",
                "duty": "担任技术经理职责，负责方案制定和网络方面集成工作。",
                "performance": ""
            }
        ],
        "self_str": "本人认为自己性格开朗，善于与人沟通，能够很好的融入到新的环境中。对技术的渴望度高，能够很快的接受新知识。"
    }
}