{
    "template": "10",
    "data": {
        "target_position": "软件研发工程师、软件工程师、ERP技术/开发应用",
        "update_time": 1446393600,
        "phone": "15031415474",
        "city": "沧州",
        "residence": "沧州",
        "ID": "130981199103046616",
        "email": "1271472692@qq.com",
        "target_city": "北京、河北、湖南",
        "target_salary": "4001-6000元/月",
        "work_status": "我目前在职，正考虑换个新环境（如有合适的工作机会，到岗时间一个月左右）",
        "target_industry": "计算机软件、互联网/电子商务、IT服务(系统/数据/维护)、基金/证券/期货/投资、政府/公共事业/非盈利机构",
        "sex": "男",
        "marriage": "未婚",
        "birth_year": 1991,
        "work_year": "1年",
        "name": "赵世贤",
        "self_str": "#br#学生简历#br#学习刻苦，具有刻苦钻研，不畏困难的品质。心思细腻，可以并有能力做好上级吩咐的事。学习能力也还算可以，喜欢翻阅新技术的文章。并且喜欢思考，喜欢用不同的方式去完成同一件事情。",
        "career": [
            {
                "start_time": 1398873600,
                "end_time": 2147483647,
                "company": " 青县亿丰商城责任有限公司 ",
                "salary": "4001-6000元/月",
                "position": "软件研发工程师",
                "nature": "民营",
                "industry": "互联网/电子商务",
                "size": "20-99人",
                "duty": "负责系统代码编写及部分运营工作"
            },
            {
                "start_time": 1391184000,
                "end_time": 1398873600,
                "company": " 新华人寿保险股份有限公司沧州中心支公司 ",
                "duty": "负责保险代理课程培训以及督导",
                "salary": "1000-2000元/月",
                "position": "后勤人员",
                "nature": "国企",
                "industry": "保险",
                "size": "10000人以上"
            }
        ],
        "education": [
            {
                "start_time": 1283270400,
                "end_time": 1377964800,
                "school": "河北北方学院",
                "major": "计算机科学与技术",
                "degree": "本科"
            }
        ]
    }
}