{
    "template": "10",
    "data": {
        "target_position": "软件工程师、软件研发工程师、手机软件开发工程师",
        "update_time": 1446739200,
        "phone": "15321305109",
        "city": "北京",
        "residence": "石家庄",
        "ID": "130182199102065711",
        "email": "15321305109@163.com",
        "target_city": "北京",
        "target_salary": "不显示职位月薪范围",
        "work_status": "我目前处于离职状态，可立即上岗",
        "target_industry": "计算机软件、IT服务(系统/数据/维护)、医疗/护理/美容/保健/卫生服务、旅游/度假、娱乐/体育/休闲、石油/石化/化工、互联网/电子商务、外包服务",
        "sex": "男",
        "marriage": "未婚",
        "birth_year": 1991,
        "work_year": "1年",
        "name": "孙盟盟",
        "self_str": "#br#1、思路清晰，有独立分析解决问题的能力。#br#2、工作认真、负责，乐于沟通，乐于互助，乐于学习，勇于创新，乐于分享，性格开朗 。#br#3、具备良好的学习、沟通和团队协作能力。#br#4、对软件有良好的认识",
        "career": [
            {
                "start_time": 1414771200,
                "end_time": 1443628800,
                "company": " 云禾科技（北京）有限公司 ",
                "nature": "其它",
                "industry": "计算机软件",
                "position": "android开发工程师",
                "duty": "独立开发android手机客户端项目"
            },
            {
                "start_time": 1372608000,
                "end_time": 1412092800,
                "company": " 北京嘉合盛汇科技有限公司 ",
                "duty": "1.报价收发系统多线程、Socket#br#2.多线程文件发送系统多线程、文件监听#br#3.服务器端交易节假日、交割节假日、TradingTime管理模块#br#4.外汇网上注册管理模块 Web#br#5.交易节假日管理、待客开仓、三端登录、全局规则模块等#br#6.基于SpecFlow的自动化测试#br#项目经历#br#2014.11 - 2015.04  新农云-个人#br#责任描述：#br#1.UI界面设计及实现#br#2.ViewPager与Fragment的嵌套使用切换界面#br#3.瀑布流加载界面图片、图片缓存与异步加载#br#4.视频录制拍摄压缩处理并上传到七牛云服务、播放网络视频#br#5.音频口通信实现硬件设备与android平板的数据通信#br#6.Zxing二维码扫描与优化#br#7.莹云石视像头实时监控实#br#8.Sqlite数据库设计与实现#br#9.微信、QQ、微博第三方数据分享#br#10.版本更新（手机版）  平板版（原生系统下部分升级、静默安装与卸载）#br#11.异步任务后台Http协议下载数据,Json的解析, 异步加载图片#br#项目描述：#br#新农云是创新的互联网农业云服务，通过手机、智能物联网和微信、微博等，连接生产者与消费者，帮助农场透明化生产，标准化管理，互联网化营销，优质农场打造优质口碑。#br#2014.08 - 2014.10  我在现场——Android(上线)#br#软件环境：#br#Win7、Android 模拟器#br#硬件环境：#br#Android手机#br#开发工具：#br#Eclipse#br#责任描述：#br#1.ViewPager与Fragment的嵌套使用，实现SlideMenu侧滑功能#br#2.ContentProvider、SQLite的配合使用#br#3.PrefrenceSetting是否加载图片、是否登陆等#br#4.异步任务后台Http协议下载数据,Json的解析, 异步加载图片#br#5.Volley进行图片下载并且进行图片二次采样以及三级缓存#br#6.地图定位#br#7.注册、登录、创建现场#br#项目描述：#br#我在现场是一个基于定位的媒体，对于有公共关注度的事件，负责任人的“我”把自己在可定位现场的真实所见，所闻，所听加以分享，使公众以廉价成本得到真相，使真相不再迟到，覆盖图文、视频、直播等全媒体内容形态，打造属于你的个性化新闻客户端。#br#2014.07 - 2014.08  音乐播放器——Android——个人#br#软件环境：#br#Windows、Android 模拟器#br#硬件环境：#br#Android手机#br#开发工具：#br#Eclipse#br#责任描述：#br#1.SharedPreference设置#br#2.SD卡音乐读取#br#3.自定义布局#br#4.Sqlite#br#5.缓存存取图片、数据缓存#br#6.摇一摇切换歌曲#br#7.AIDL 服务#br#8.Json解析#br#9.歌词下载、网络下载Json、Xml数据#br#项目描述：#br#酷享音乐是一款界面美观、操作简单、功能齐全、播放流畅的小型音乐播放器#br#其功能如下：#br#1、支持三种播放模式：随机、单曲循环以及循环播放#br#2、支持搜索本地的所有.mp3格式歌曲文件并将其通过列表显示#br#3、主界面界面歌词显示的，可以通过点击背景来下载歌词#br#4、当音乐播放器在后台播放时，状态栏会以消息显示，音乐正在后台播放#br#5、可以设置指定时间自动关闭应用程序#br#2014.04 - 2014.06  潮百搭——Android(已上线)#br#责任描述：#br#1.UI界面设计及显示设置#br#2.ViewPager与Fragment的嵌套使用切换界面#br#3.WaterFall瀑布流加载界面图片#br#4.图片缓存与异步加载#br#5.意见反馈#br#6.版本更新#br#7.PrefrenceSetting首次加载提示#br#项目描述：#br#潮百搭，中国领先的女性时尚导购社区，学时尚、淘潮品、聊搭配，让你轻松打造百变女神范！#br#其功能如下：#br#1.用户浏览商品、查看衣服的搭配#br#2.设置商品的收藏、喜欢#br#3.用户分享#br#4.用户购买商品#br#2013.08 - 2014.03  中信银行外汇交易系统——WPF#br#软件环境：#br#Win7  SqlServer2008#br#开发工具：#br#VS2012#br#责任描述：#br#1.报价收发系统多线程、Socket#br#2.多线程文件发送系统多线程、文件监听#br#3.服务器端交易节假日、交割节假日、TradingTime管理模块#br#4.外汇网上注册管理模块 Web#br#5.交易节假日管理、待客开仓、三端登录、全局规则模块等#br#6.基于SpecFlow的自动化测试#br#项目描述：#br#外汇交易平台指外汇市场上的一些具备一定实力和信誉的独立交易商，不断地向投资者报出货币的买卖价 格（即双向报价）24小时交易除了节假日，并在该价位上接受投资者的买卖要求。平台可以持有自有资金与投资者进行交易，在市场成交稀交的时候，买卖双方不需等待交易对手出现，只要有平台出面承担交易的\"对手方\"即可达成交易。",
                "nature": "民营",
                "industry": "计算机软件",
                "position": "软件开发工程师",
                "size": "20-99人"
            }
        ],
        "education": [
            {
                "start_time": 1283270400,
                "end_time": 1401552000,
                "school": "北华航天工业学院",
                "major": "计算机科学与技术",
                "degree": "本科"
            }
        ]
    }
}