{
    "template": "10",
    "data": {
        "residence": "辽宁大连",
        "city": "上海",
        "email": "marcowlz0@163.com",
        "sex": "男",
        "marriage": "未婚",
        "birth_year": 1978,
        "phone": "13816861527",
        "name": "王立志",
        "self_str": "#br#.?\t9年跨国公司生产管理经验#br#?\t良好的自主学习适应能力#br#?\t全面的质量管理，精益生产，ISO 实践经验#br#?\t良好的新产品导入支持经验#br#?\t良好的沟通能力",
        "target_position": "生产总监/经理/车间主任，生产主管/督导/组长，制造工程师，工厂厂长/副厂长",
        "target_salary": "面议",
        "work_status": "我目前在职，正考虑换个新环境（如有合适的工作机会，到岗时间一个月左右）",
        "career": [
            {
                "start_time": 1206979200,
                "end_time": 2147483647,
                "company": "安弗施无线射频系统有限公司(法国Alcatel -Lucent独资)",
                "size": "500-999人",
                "nature": "外商独资",
                "industry": "通信/电信运营、增值服务",
                "position": "生产主管",
                "department": "生产部",
                "salary": "10001-15000元/月",
                "duty": "#br#?\t满足生产部的目标：按时交付，质量，报废，成本，安全#br#?\t严格执行公司和部门的成本预算和控制#br#?\t与项目部成员一起合作完成新产品导入到量产#br#?\t保证生产记录及时，真实，准确#br#?\t确保生产线严格执行工艺要求进行生产#br#?\t设备的日常维护和保养，确保生产平稳运行#br#?\t人员的管理和激励，绩效的评估#br#?\t与相关部门保持良好的沟通合作#br#?\t保证车间严格执行安全规范#br#?\t持续改进(工艺优化，品质 , 安全, 报废, 成本， 效率等 )#br#负责整个班次的 Q(品质),C(成本),P(生产力),D(交付),M(人员),S(安全) 全面管理"
            },
            {
                "start_time": 1164902400,
                "end_time": 1199116800,
                "company": "德尔福派克电气系统有限公司",
                "duty": "#br#生产部#br#生产主管#br#汽车/摩托车（制造/维护/配件/销售/服务/租赁）#br#外商独资#br#车间生产计划的安排和落实，确保按时交付。#br#?\t监控生产计划的执行情况，必要时及时合理的调整#br#?\t人员的培训和整合，评估车间人员的绩效#br#?\t品质和效率的控制和提升，改善计划的执行#br#?\t与精益生产团队合作，负责车间的持续改进工作#br#?\t与项目团队密切合作，参与新产品的导入，试产等工作#br#?\t报废和成本的控制和降低#br#?\t车间环境，健康，安全的管理",
                "size": "500-999人",
                "nature": "外商独资",
                "industry": "汽车/摩托车（制造/维护/配件/销售/服务/租赁）",
                "position": "生产主管",
                "department": "生产部",
                "salary": "6001-8000元/月"
            },
            {
                "start_time": 1028131200,
                "end_time": 1159632000,
                "company": "泰科电子(广东)有限公司（美国独资）",
                "duty": "#br#组装部#br#生产主管#br#电子技术/半导体/集成电路#br#外商独资#br#安排车间生产计划。确保公司按时出#br#深入生产现场，发现生产中存在的问题，协调相关人员共同推进，解决#br#推动生产线降低废品率，提高效率，改善产品质量，完善车间5S和安全纪律管理#br#审阅领班交接班记录和拉长日报表，确保生产记录及时，真时，准确。#br#审查F/O月度统计资料及日常记录数据，明确部门改进项目及目标。#br#推动领班和拉长的工作，评估他们的工作绩效。#br#Q（quality）,C(cost),P(productivity),D(delivery),M(man). S(safety)等方面达到公司的目标。",
                "size": "1000-9999人",
                "nature": "外商独资",
                "industry": "电子技术/半导体/集成电路",
                "position": "生产主管",
                "department": "组装部",
                "salary": "6001-8000元/月"
            },
            {
                "start_time": 993916800,
                "end_time": 1025452800,
                "company": "泰科电子（广东）有限公司（美国独资）",
                "duty": "#br#生产部#br#管理培训生#br#电子技术/半导体/集成电路#br#外商独资#br#在各个生产部门实习。了解产品，工艺流程，品质要求，公司和部门规章制度。熟悉相关人员，了解企业文化。",
                "size": "1000-9999人",
                "nature": "外商独资",
                "industry": "电子技术/半导体/集成电路",
                "position": "管理培训生",
                "department": "生产部",
                "salary": "2001-4000元/月"
            }
        ],
        "education": [
            {
                "start_time": 873043200,
                "end_time": 991324800,
                "school": "甘肃工业大学",
                "major": "流体机械及流体工程专业",
                "degree": "本科"
            }
        ]
    }
}