{
    "template": "10",
    "data": {
        "residence": "山西朔州",
        "city": "北京",
        "ID": "140624198305073018",
        "email": "guang4230203@163.com",
        "target_position": "系统工程师、数据库管理员、售前/售后技术支持管理、技术支持/维护经理、项目经理/主管",
        "target_industry": "计算机硬件及网络设备、IT服务（系统/数据/维护）/多领域经营、汽车/摩托车（制造/维护/配件/销售/服务）、计算机软件、金融/银行/投资/基金/证券、酒店/餐饮、通讯（设备/运营/增值服务）、互联网/电子商务、零售/批发、娱乐/体育/休闲、耐用消费品（服装服饰/纺织/皮革/家具/家电）、大型设备/机电设备/重工业、能源/矿产/采掘/冶炼、跨领域经营",
        "target_city": "北京",
        "target_salary": "6001-8000元/月",
        "work_status": "我目前在职，正考虑换个新环境（如有合适的工作机会，到岗时间一个月左右）",
        "sex": "男",
        "marriage": "未婚",
        "birth_year": 1983,
        "work_year": "3年",
        "phone": "13436644498",
        "name": "薛光",
        "self_str": "#br#本人诚信务实，做事认真，喜欢与他人交流、合作。",
        "career": [
            {
                "start_time": 1241107200,
                "end_time": 1291132800,
                "company": "汇鑫银通北京科技有限公司",
                "salary": "4001-6000元/月"
            },
            {
                "start_time": 1220198400,
                "end_time": 1241107200,
                "company": "汇鑫银通北京科技有限公司",
                "size": "100-499人",
                "nature": "合资",
                "industry": "IT服务（系统/数据/维护）/多领域经营",
                "position": "技术支持/维护工程师",
                "department": "运行维护部",
                "salary": "2001-4000元/月",
                "duty": "#br#1.参与公司IDC机房规划与建设。#br#2.部署了公司预付费卡管理系统、前置系统、账务系统及银行卡收单前置系统。#br#3.负责前置系统、账务系统、会员卡管理系统、数据分析系统、运营网站的日常维护及更新，保障各个系统正常运行。#br#4.负责POS程序改造，跟进改造进度并对改造后的POS程序进行测试。#br#5.解决业务部门提出的运营问题，为业务部门提供技术支持。#br#6.对应用开发部新开发的系统进行上线前测试工作，测试通过后进行系统上线和维护。#br#7．配合业务部门为客户进行系统演示#br#8．了解业务部门对系统的需求，明确业务部门的需求后提交详细需求给应用开发部并跟进研发进度。#br#9. 根据业务部门的申请，按照申请内容提供运营支持。#br#10．负责准生产环境各个系统的管理和维护。"
            },
            {
                "start_time": 1209571200,
                "end_time": 1220198400,
                "company": "汇鑫银通北京科技有限公司",
                "duty": "#br#系统运营部#br#技术支持/维护工程师#br#金融/银行/投资/基金/证券#br#民营#br#负责公司系统的监控维护工作，及时发现系统运行中出现的问题并解决。#br#协助开发部做系统的测试。",
                "size": "20-99人",
                "nature": "民营",
                "industry": "金融/银行/投资/基金/证券",
                "position": "技术支持/维护工程师",
                "department": "系统运营部",
                "salary": "1000-2000元/月"
            }
        ],
        "projects": [
            {
                "start_time": 1264953600,
                "end_time": 1275321600,
                "name": "居然之家数据托管项目",
                "duty": "编写项目需求。进行系统测试及上线实施。为居然之家提供售后服务。",
                "description": "代居然之家发行居然之家会员卡，卡交易经我司系统处理，我司专为居然之家开发的清算系统为居然之家提供交易清算服务。系统上线后为公司创造了可观的经济效益。"
            },
            {
                "start_time": 1254326400,
                "end_time": 1259596800,
                "name": "银联商务转发我司预付费卡项目",
                "duty": "负责项目前期需求整理及项目沟通。负责项目验收及上线实施。",
                "description": "银联商务的特约商户通过银联商务预付费卡平台可以受理我司的预付费卡。项目上线后我司预付费卡新增了易初莲花等多家大型商超。为公司带来可观的经济效益。"
            },
            {
                "start_time": 1241107200,
                "end_time": 1246377600,
                "name": "华普超市预付费卡项目",
                "duty": "负责项目前期需求采集及项目研发中各个预付费公司之间的沟通。负责项目测试及上线实施。负责项目试运行阶段各项事务处理。",
                "description": "华普超市预付费卡项目是以我司卡系统为平台，通过我司部署在华普超市的终端受理各个公司发行的预付费卡。项目上线后运行良好。"
            }
        ],
        "education": [
            {
                "start_time": 1093968000,
                "end_time": 1214841600,
                "school": "湖北汽车工业学院",
                "major": "计算机科学与技术",
                "degree": "本科"
            }
        ]
    }
}