{
    "template": "10",
    "data": {
        "residence": "黑龙江哈尔滨",
        "city": "黑龙江哈尔滨",
        "ID": "230103197606012370",
        "email": "sh_sky998@yahoo.com.cn",
        "target_position": "高级管理",
        "target_industry": "物业管理/商业中心、零售/批发、房地产/建筑/建材/工程、旅游/度假、跨领域经营",
        "target_city": "全国",
        "target_salary": "15000-25000元/月",
        "work_status": "我目前在职，正考虑换个新环境（如有合适的工作机会，到岗时间一个月左右）",
        "sex": "男",
        "marriage": "已婚",
        "birth_year": 1976,
        "phone": "13766811057",
        "name": "崔先生",
        "self_str": "#br#在商业地产和百货领域从事运营和管理工作近12年，对商业地产和精品百货的选址定位、业态规划、品牌落位、商装设计等有着丰富的实操经验。具有出色的计划组织及实施能力、以及沟通协调、商务谈判能力，能够科学运用各项资源，使其达到最优配置，取得最佳效果。#br#本人个性冷静，处事稳重果断，为人正直，有良好的职业道德及团队精神。",
        "career": [
            {
                "start_time": 1262275200,
                "end_time": 2147483647,
                "company": "万达集团万千百货股份有限公司",
                "size": "10000人以上",
                "nature": "民营",
                "industry": "零售/批发",
                "position": "万千百货大庆店副总经理",
                "department": "总经办",
                "salary": "15000-25000元/月",
                "description": "万千百货股份有限公司成立于2007年5月8日，是万达集团着力打造的五大支柱产业（商业地产、百货连锁、文化产业和高级酒店、旅游度假）之一，亦是万达商业地产的第三代扛鼎之作HOPSCA（城市综合体）中重要的组成部分。截止2010年12月，万千百货已先后成功开出哈尔滨、西安、成都、北京、苏州、上海、青岛、重庆、南京、西安民乐、洛阳、沈阳、无锡、长春、广州、包头、呼和浩特、襄樊、宜昌、武汉、济南、淮安、天津、宁波、合肥、福州等26家定位中高端的万千百货连锁店，百货经营面积近百万平方米，囊括了CERRUTI 1881、Dunhill 、PORTS、ck、D‘urban 、KENT&CURWEN、LACOSTE、周大福、百丽、亨吉利、E.LAND、绫致、BASIC HOUSE、FILA、ESPRIT、ETAM等数百个国际、国内知名品牌，销售额不断创造当地新的历史记录。 在未来3年的时间里，万千百货将拥有100家以上的大型商场，成为中国第一百货连锁集团。#br#大庆万千百货是万千百货股份有限公司在2011年打造的惟一一家精品百货店。项目位于萨尔图区万达广场黄金商圈的核心地带，与万达广场精品室内商业步行街、五星级喜来登酒店、5A万达商务写字楼、万达高档住宅楼区、万达影城、大歌星KTV、大玩家游乐场、市府、银行等毗邻。大庆万千百货总建筑面积30000余平方米，内设国际奢侈名品、黄金珠宝首饰、钟表、少淑女装、时尚休闲、男士正装、鞋类箱包等百货品类，汇集众多国际、国内一线名品，尊贵奢华，为大庆地区的商务精英和高收入群体量身打造的高端精品百货店。",
                "duty": "1、协助百货总部相关职能中心，完成大庆项目的市场调查、规划及定位。#br#2、协助店总制定公司年度经营计划及预算，根据百货总部筹建店开业节点要求，编制所分管项目的工作计划，并对计划进行分解并落实到具体执行；#br#3、依据百货总部《门店职能及岗位说明书》，组建万千百货大庆公司人力资源团队，并做好团队的融入、培训和考核工作。#br#4、协助店总做好品牌落位与招商工作；#br#5、与项目公司、设计公司对接，做好商场的精装修工作；#br#6、做好商场内品牌的商装图纸审核及丙装管理工作；确保商场符合消防、规划及动线设计、室内美陈设计等相关要求；#br#7、负责商场的营运管理等工作；#br#8、分管门店的营运、人资、行政、工程（含设备、商装）、物管（含保洁、安防、消防）、信息等部门。",
                "performance": "2011年1月被评为万千百货第六期高管训练营优秀高管。"
            },
            {
                "start_time": 1220198400,
                "end_time": 1259596800,
                "company": "大连福佳.新天地购物广场",
                "performance": "#br#总经办#br#副总经理(营运）#br#物业管理/商业中心",
                "size": "10000人以上",
                "nature": "物业管理/商业中心",
                "industry": "副总经理(营运）",
                "position": "总经办",
                "salary": "10001-15000元/月",
                "duty": "1、根据公司的总体经营规划，制定招商部、营运部的目标计划和实施措施，确保完成公司下达的各项任务；#br#2、考核各区域的各项管理工作，及时检查各工作流转程序的各个环节，发现问题及时处理，保证公司各项工作的正常运转；#br#3、制定各种规范，避免各类事故发生，根据考核结果，对下属员工的奖惩作出处理意见；#br#4、收集各类相关信息并进行汇总反馈，为公司管理决策提供参考依据；#br#5、处理卖场发生的较大事件，维护公司利益，确保顾客满意。"
            },
            {
                "start_time": 973008000,
                "end_time": 1220198400,
                "company": "上海程达投资发展（集团）有限公司",
                "duty": "#br#总经办#br#人事行政总监、物业管理中心（商业地产管理）总经理#br#房地产/建筑/建材/工程#br#上海程达投资发展（集团）有限公司先后投资建设了位于浦东陆家嘴金融贸易区及商业中心核心位置的华融大厦、浦东世纪花园、哈尔滨国际会展体育中心、华融饭店、会展总部大厦等著名地产项目，拥有大通期货、北大蓝光科技（LED光电子）等十余家房地产、担保、五星级酒店、会展、国际贸易等分支企业，总部位于上海市浦东新区浦东南路1271-1289号华融大厦，总资产超过20亿元。是著名上市公司工大高新（600701）、航天科技（000901）的主要股东。2001年被上海市政府评定为“上海市市外大企业”#br#本人曾先后担任总裁秘书、秘书处主任、集团综合办主任、集团总法律顾问、人事行政总监、物业管理中心总经理等职务。#br#2000.11 - 2004.5 任人事行政总监#br#主要职责（担任人事行政总监期间）：#br#1?负责公司各项行政管理工作；#br#2?负责公司的对外事务；#br#3?在公司发展战略的指导下，使人力资源部门成为公司业务发展伙伴，建立积极向上的企业文化氛围。为公司吸引合适优秀的人才，使员工有良好的职业发展目标，帮助公司员工与公司共同成长。#br#4? 在公司发展战略的指导下，制定和更新公司人力资源管理和发展战略和政策；#br#5? 研究年度人力资源需求，并制定相应的招聘策略并实施；#br#6? 根据公司的发展情况及市场变化，建立公司的薪酬体系和福利体系，保持公司薪酬制度和福利制度的竞争性和灵活性；#br#7? 建立沟通渠道，增强员工的参与意识，增强公司的凝聚力；#br#8? 主持实施企业文化建设，做好企业文化的策划、宣传以及推广工作，为公司战略目标的实现营造良好的文化氛围；#br#9? 建立和实施公司绩效管理制度，提高员工绩效导向意识；#br#10? 制定和实施员工能力管理方案，指导业务部门及分支公司经理进行人力资源开发；#br#11? 根据员工发展计划，制定和执行培训方案；#br#12? 建立和健全法律事务工作程序及管理体系；#br#13? 对公司经营管理活动提供法律咨询、进行法律论证；#br#14? 为集团公司及各分支机构提供法律咨询业务；#br#15? 参与集团投资企业的设立、合并、分立、破产、投资、租赁、资产转让、招投标及公司改建、改制等涉及企业权益的重要经济或商务活动，处理有关法律事务；#br#16? 审核及修改公司各类法律文书及合同，参与重大投资、商务项目的前期论证、谈判和文本起草工作，避免合同风险；#br#17? 处理与法律相关的突发事件和诉讼事务；",
                "size": "1000-9999人",
                "nature": "房地产/建筑/建材/工程",
                "industry": "人事行政总监、物业管理中心（商业地产管理）总经理",
                "position": "总经办",
                "salary": "8001-10000元/月",
                "performance": "其中公司位于陆家嘴金融贸易区及商业中心核心的华融大厦写字楼部分引进了盛大网络、上海绿地能源集团等企业的总部；商业物业先后引进了思考乐书局、上海人家（餐饮）、小桥流水精菜坊（餐饮）、富春百货、中华老字号商城等。"
            },
            {
                "start_time": 930758400,
                "end_time": 973008000,
                "company": "哈尔滨市市政公用建设管理局",
                "performance": "#br#法规处科员、秘书#br#政府/公共事业/非盈利机构#br#国家机关",
                "size": "10000人以上",
                "nature": "国家机关",
                "industry": "政府/公共事业/非盈利机构",
                "position": "法规处科员、秘书",
                "salary": "1000-2000元/月",
                "duty": "#br#主要职责：#br#· 负责文件起草，撰写领导讲话、工作简报等文字综合工作；#br#· 负责全市市政公用行业行政复议、应诉，行政执法监察工作；#br#· 负责全市市政公用行业业务投诉受理、信访接待工作。#br#工作业绩:#br#撰写哈尔滨市市政公用行业工作简报40余期，曾参与起草《哈尔滨市城市市容和环境卫生管理条例》、《哈尔滨市“门前三包”管理办法》等法律法规。"
            }
        ],
        "education": [
            {
                "start_time": 1104508800,
                "end_time": 1104508800,
                "school": "清华大学深圳研究生院EMBA课程班结业",
                "major": "工商管理",
                "degree": "EMBA"
            },
            {
                "start_time": 809884800,
                "end_time": 930758400,
                "school": "华南理工大学",
                "major": "法学",
                "degree": "本科"
            }
        ]
    }
}