{
    "template": "01",
    "data": {
        "true_id": "15789886",
        "update_time": 1368028800,
        "name": "张青海",
        "work_year": "17年以上",
        "phone": "13652317981",
        "sex": "男",
        "age": 44,
        "email": "171520303@com.cn",
        "degree": "大专",
        "work_status": "离职，正在找工作",
        "last_company": "深圳市丰源电子科技",
        "last_position": "品质经理兼任厂长",
        "industry": "电子技术/半导体/集成电路",
        "city": "深圳",
        "current_salary": "保密",
        "target_salary": "6000元/月",
        "target_industry": "电子技术/半导体/集成电路",
        "target_city": "不限",
        "self_str": "在十余年的工作生涯中，本人一直乐于上进、学习、不断提高自身的综合素质，并积累较强的工作经验，为人热情、工作认真负责，积极主动。工作中有极强的组织能力和团队协助精神，对企业有超强的奉献和敬业精神。具备丰富的人员管理经验和工厂相关体制制度的建立能力。在未来的工作中，本人将以充足的精力、科学有效的管理使得公司内部体系运作顺畅，产品质量、生产效率、经济利润创造出更高价值，使得公司客户更加满意、信任。",
        "education": [
            {
                "start_time": 652114800,
                "end_time": 741456000,
                "school": "郑州工学院",
                "major": "电子应用技术",
                "degree": "本科"
            }
        ],
        "career": [
            {
                "company": "深圳市丰源电子科技",
                "start_time": 1306857600,
                "end_time": 2147483647,
                "position": "工厂厂长",
                "city": "深圳",
                "report_to": "总经理",
                "underlings": "200人",
                "duty": "1.协助总经理制定公司质量方针、质量目标、及经营策略确保有计划有步骤的贯彻、实施和维护质量方针和目标推进。2.确保质量体系在本公司的正常运行和客户对公司产品满意度的跟踪、促进工作。3.负责公司经营管理统筹物控、生产计划的安排、协调、监督各车间、部门的正常运作。4.负责公司生产及加工的各环节工作指导和管理。5.负责制定和监督执行公司相关的责任规章制度。6.负责协助总经理处理公司日常事务并及时向总经理汇报。7.负责协助总经理检查、监督公司各部门的工作运作情况，发现问题及时纠正改善。8.负责监督公司各部门责任制度的落实情况并有权对各部门经理（主管）提出考核意见。",
                "performance": "1.通过对公司整体ISO体系的运行、管理现已完全纳入正规。2.公司质量体系已经得到完善和健全，生产直通率大于95%、生产效率大幅提高，出货合格率上升到99%以上，同时客户满意度均有大幅度提升，客户订单量饱和。3.公司各部门的日常工作协调顺畅、品质、物控、生产、行政、后勤等部门按体系运作正常。4.公司建立了奖罚体系和制度，有效的提高了全员的工作热情和责任感，对公司创造了可观的经济利润。#br#公司是一家600人的民营企业，主要生产银行POS及终端产品以及学生电脑和机顶盒等高端产品，公司具有研发、生产、销售、和售后于一体的中型企业。#br#品质部经理"
            },
            {
                "company": "深圳市盈信电子科技",
                "start_time": 1209571200,
                "end_time": 1304179200,
                "position": "品质部经理",
                "city": "深圳",
                "report_to": "副总",
                "underlings": "30人",
                "duty": "1.负责本部门日常工作的安排及协调。#br#2.负责协调处理公司各部门与品质相关的事务。#br#3.负责对原材料供应商产品质量的监控、改善和跟进工作。#br#4.负责对公司产品的来料质量检验标准、产品半成品、成品检验、检测、试验标准的审核与完善。#br#5.负责本公司生产制程的工艺监控和产品质量检验、检测的控制及验证工作。#br#6.负责参与公司新产品性能、结构及外观的评估。#br#7.负责公司内部ISO体系的建立、实施与维护并定期组织内审工作。#br#8.负责跟踪客户销售过程的质量信息，并根据实际问题组织相关部门进行分析、改善，确保提升客户对公司产品的信誉度",
                "performance": "通过科学有效的品质管理和ISO体系的正常实施和维护使得公司产品质量稳固提升，生产效率大幅度提高，生产工艺改善明显、直通率提升至95%以上，成品出货验收合格率大于99%。客户对公司产品满意度大大提高，订单饱满。"
            }
        ],
        "projects": []
    }
}