{
    "template": "01",
    "data": {
        "true_id": "323717",
        "update_time": 1371657600,
        "name": "张若愚",
        "work_year": "6年以上",
        "phone": "18917396702",
        "sex": "男",
        "age": 28,
        "email": "zhang_ry1@hotmail.com",
        "degree": "本科",
        "work_status": "离职，正在找工作",
        "last_company": "史丹利蒙（上海）机械有限公司",
        "last_position": "产品工程师(机械工程师)Product Engineer",
        "industry": "机械制造/机电/重工",
        "city": "上海",
        "current_salary": "保密",
        "target_salary": "保密",
        "target_industry": "机械制造/机电/重工;汽车/摩托车;印刷/包装/造纸",
        "target_city": "机械设计师;机械工程师·工业工程师·结构工程师;机电工程师",
        "self_str": "视野宽广，连续二十余年关注机械行业认真、刻苦、细致，对新产品开发有浓厚兴趣持续学习，有较高的领悟能力",
        "education": [
            {
                "start_time": 1062345600,
                "end_time": 1180627200,
                "school": "上海工程技术大学",
                "major": "机械工程及自动化",
                "degree": "本科"
            }
        ],
        "career": [
            {
                "company": "史丹利蒙",
                "start_time": 1333209600,
                "end_time": 1364745600,
                "position": "产品工程师",
                "city": "上海",
                "report_to": "组长",
                "underlings": "0人",
                "duty": "1) 完成相关图纸的翻译，解释以及归档工作。#br#2) 完成零件及产品的改进，设计，并及时发放做好记录。#br#3) 制定产品的BOM、图纸、SOP、相关技术规范等文件。#br#4) 参与公司新项目的设计研发，以及项目的跟进#br#5) 支持车间装配的顺利完成#br#6) 采购及供应商的技术支持#br#7) 质量部生产零件的技术支持#br#8) 积极参与公司的其他相关工作",
                "performance": "负责SATOS eco型宽幅砂光机改进及国产化#br#—改进原型机，翻译图纸，培训生产现场员工#br#负责测试润滑油及油漆相容性#br#—节约维护成本#br#负责压磨垫生产试验线改进工作#br#一家以制造细纱机和自动络筒机为主的老牌国有上市公司#br#机械设计工程师"
            },
            {
                "company": "上海二纺机股份有限公司",
                "start_time": 1183219200,
                "end_time": 1333209600,
                "position": "机械设计工程师",
                "city": "上海",
                "report_to": "组长",
                "underlings": "0人",
                "duty": "1) 完成相关图纸的翻译，解释以及归档工作。#br#2) 完成零件及产品的改进，设计，并及时发放做好记录。#br#3) 制定产品的BOM、图纸、SOP、相关技术规范等文件。#br#4) 参与公司新项目的设计研发，以及项目的跟进#br#5) 支持车间装配的顺利完成",
                "performance": "负责新型上蜡装置设计#br#参与新型退捻管开发#br#参与九孔纱库，槽轮机构的设计与分析"
            }
        ],
        "projects": [
            {
                "name": "SATOS eco型宽幅砂光机改进及国产化 ",
                "start_time": 1333209600,
                "end_time": 1364745600,
                "position": "工程师",
                "company": "史丹利蒙",
                "description": "解决原型机制造过程中出现的问题，修改零部件设计，实现SATOSeco的国产化。",
                "duty": "根据实际加工能力，设计零部件，翻译图纸，规范生产。",
                "performance": "完成SATOS eco国产化及改进，扩大产品线。"
            },
            {
                "name": "测试润滑油及油漆相容性 ",
                "start_time": 1356969600,
                "end_time": 1364745600,
                "position": "工程师",
                "company": "史丹利蒙",
                "description": "测试润滑油及油漆相容性，解决润滑油及油漆起反应的问题。",
                "duty": "通过实验，验证润滑油是否可以和油漆接触，出具润滑油作业指导规范。",
                "performance": "解决维护过程中润滑油与油漆起反应的问题。"
            },
            {
                "name": "压磨垫生产试验线改进工 ",
                "start_time": 1359648000,
                "end_time": 1362067200,
                "position": "工程师",
                "company": "史丹利蒙",
                "description": "解决压磨垫生产试验线使用中遇到的问题",
                "duty": "改进导轨设计，减小摩擦力，便于生产。",
                "performance": "试验线复产"
            },
            {
                "name": "新型上蜡装置设计 ",
                "start_time": 1314806400,
                "end_time": 1333209600,
                "position": "工程师",
                "company": "上海二纺机股份有限公司",
                "description": "开发新型上蜡装置",
                "duty": "在已有基础上，改进设计设计，降低生产成本，增加可靠性",
                "performance": "提升产品的整体可靠性，降低故障率。"
            },
            {
                "name": "新型退捻管开发 ",
                "start_time": 1283270400,
                "end_time": 1314806400,
                "position": "工程师",
                "company": "上海二纺机股份有限公司",
                "description": "开发锯齿形退捻管，增加产品适应范围",
                "duty": "协助分析退捻管的工作原理，给出加工工艺，测试效果。",
                "performance": "使产品满足了客户的需求。"
            },
            {
                "name": "九孔纱库设计 ",
                "start_time": 1217520000,
                "end_time": 1249056000,
                "position": "工程师",
                "company": "上海二纺机股份有限公司",
                "description": "开发新型纱库，提升生产效率",
                "duty": "使用Solidworks进行3D建模，模拟运行过程，找出问题，提出修改意见。",
                "performance": "在棉纺方面，提高了生产效率。"
            }
        ]
    }
}