{
    "template": "17",
    "data": {
        "update_time": 1467993600,
        "name": "赵女士",
        "sex": "女",
        "work_year": "19年以上",
        "age": 40,
        "email": "",
        "phone": "",
        "marriage": "保密",
        "city": "广东省",
        "industry": "房地产开发/建筑/建材/工程",
        "last_company": "深圳招商商置投资有限公司（招商局地产控股股份有限公司全资子公司）",
        "last_position": "高级法务经理（合约部负责人）",
        "current_salary": "40000元/月*12个月",
        "target_industry": "房地产开发/建筑/建材/工程;保险;基金/证券/期货/投资",
        "target_position": "总裁助理/总经理助理;部门/事业部管理;法务经理/主管",
        "target_city": "广东省;上海;香港",
        "target_salary": "58000元/月",
        "career": [
            {
                "start_time": 1283270400,
                "end_time": 2147483647,
                "company": "深圳招商商置投资有限公司（招商局地产控股股份有限公司全资子公司）",
                "nature": "国内上市公司",
                "industry": "房地产开发/建筑/建材/工程",
                "size": "5000-10000人",
                "description": "公司为大型央企“招商局集团”的下属公司，在房地产业务的开发、运营方面位于全国领先水平。",
                "position": "高级法务经理（合约部负责人）",
                "underlings": "4",
                "duty": "1 负责商业地产版块的所有重大、创新项目的法务管理工作；#br#2 制定重大合同文本，参与重大项目谈判；#br#3 监督日常管理运营的合规性；#br#4 指导管理日常运营以符合公司规则和流程；#br#5 根据公司政策，对存在法律风险的地方及时指出。#br#6 对各类业务活动，提供法律意见；#br#7 督促制定更新新的合同范本；#br#8 管理外聘律所的工作；#br#9 督促办理公司工商注册、变更、备案各类事宜。#br#10 带领团队办理公司运营所需的证照并及时更新；#br#11 督促团队对公司的产权（物权和股权）进行办理、变更；#br#12 监督公司各类合同的保管、履行情况；#br#13 组织重大项目的合同签署、转让等工作；#br#14 参与公司的纠纷处理，办理公司的各类诉讼；#br#15 监督档案室的工作；#br#16 带领团队开展法务、产权、保险、档案相关的其它工作。"
            },
            {
                "start_time": 1072886400,
                "end_time": 1283270400,
                "company": "沃尔玛（中国）投资有限公司",
                "industry": "外商独资·外企办事处",
                "description": "沃尔玛连续多年排名在财富五百强企业的前三位，是一家世界级巨型企业。沃尔玛（中国）投资有限公司为沃尔玛在中国的管理总部。",
                "position": "法律顾问",
                "underlings": "0",
                "duty": "1 对公司各类合同进行审核；#br#2 处理公司有关法律纠纷；#br#3 对业务部门的咨询提供法律意见；#br#4 组织法务培训；#br#5 参与合作洽谈；#br#6 制定更新合同范本；#br#7 参与重大项目的尽职调查；"
            },
            {
                "start_time": 962380800,
                "end_time": 1072886400,
                "company": "沃尔玛（中国）投资有限公司",
                "industry": "外商独资·外企办事处",
                "description": "沃尔玛连续多年排名在财富五百强企业的前三位，是一家世界级巨型企业。沃尔玛（中国）投资有限公司为沃尔玛在中国的管理总部。",
                "position": "市场推广主管",
                "underlings": "1",
                "duty": "1 负责制定公司推广方案；#br#2 组织各类促销活动；#br#3 负责执行美国总部的推广计划；#br#4 跟踪推广结果；#br#5 制定会员管理计划；#br#6 对各类促销及市场推广进行协调组织。"
            }
        ],
        "projects": [
            {
                "start_time": 1401552000,
                "end_time": 2147483647,
                "name": "健康医疗项目的合作与开发",
                "position": "高级法务经理",
                "company": "深圳招商商置投资有限公司",
                "description": "集团成立了专业小组，拟与外方的高端医疗机构合作，开发健康医疗业务版块，并因此在寻找合作方，合作方式、业务开发方案、将来的融资模式方面进行了详细研究。",
                "duty": "参与多次谈判，方案制定，文件制定，对涉外的各层级公司注册、组织架构方面出具法律意见。",
                "performance": "已签署各方的合营协议，拟进一步落地"
            },
            {
                "start_time": 1356969600,
                "end_time": 2147483647,
                "name": "与英国国有单位合作建立博物馆项目",
                "position": "高级法务经理",
                "company": "招商局地产控股股份有限公司",
                "description": "商业地产版块拟进入文化艺术领域，需找到合作方，并制定与合作方的合作方案。由于涉及跨国合作，需对其中涉及的各类法律文件，法律事宜进行审核、谈判，制定方案，提出合规要求，最后达成协议签署，并对筹开、运营前期提供法律咨询。",
                "duty": "审核各类法律文件；提供法律咨询；出具项目法律意见书；",
                "performance": "双方历经艰难会谈，已签署协议"
            },
            {
                "start_time": 1412092800,
                "end_time": 1430409600,
                "name": "存量物业的处置",
                "position": "高级法务经理",
                "company": "深圳招商商置投资有限公司",
                "description": "公司拟进入轻资产管理模式，需对公司多年持有的各类型物业进行处置，因此成立了专项小组，对涉及的各类物业处置方案、过户、移交等各类事项进行研究、执行。该项目涉及持有超过20年的物业100多处，物业产权状况复杂，时间紧，涉及产权交易所、拍卖行、买方、租客、评估单位，法律关系复杂，且需符合国有资产处理的各类政策。",
                "duty": "负责拟处置物业的产权尽职调查、出具风险报告；制定交易方案、参与合作洽谈；撰写产权瑕疵披露、公告文书；组织优先购买权调查、发送物业出售通知；制定各种法律文件，组织租赁清单公告、大量合同的签署，制定物业过户、租赁合同转让方案，对疑难纠纷进行协调处理。",
                "performance": "完成了存量物业的及时处置，达到100%的签约率，100%回款率，整个项目即将收尾。"
            },
            {
                "start_time": 1377964800,
                "end_time": 1427817600,
                "name": "养老地产的开发与合作",
                "position": "高级法务经理",
                "company": "深圳招商商置投资有限公司",
                "description": "随着公司商业地产业务的战略发展，公司拟开发养老地产，并与法国高利泽集团牵手合作，从双方的初步接洽，到合作方式的选定，合同洽谈、项目落地，中间环节极其复杂。",
                "duty": "参与多次谈判，文件拟定，方案制定，公司报批等各环节。",
                "performance": "促成了该项目的成功落地。"
            },
            {
                "start_time": 1354291200,
                "end_time": 1412092800,
                "name": "五项资产的处置与融资",
                "position": "高级法务经理",
                "company": "深圳招商商置投资有限公司（招商局地产控股股份有限公司全资子公司）",
                "description": "根据公司的战略发展计划，拟盘活公司的部分优质资产，从而为公司的发展进行融资。该项目标的达34亿，持续时间长，过程交易复杂，涉及客户和各方面关系复杂，法律文件庞杂。",
                "duty": "参与制定物业出售、回购、融资、设立公司、股权转让、交易价款交割、合同转让、交易合同签署、托管期间运营之全过程，并参与谈判、制定相关文本范本，审核有过文件，并提供法律意见，制定风险防范计划，促成相关文件签署。",
                "performance": "公司完成处置计划，并成功融得所需资金，现所处置物业在托管期间。"
            }
        ],
        "education": [
            {
                "start_time": 1157040000,
                "end_time": 1246377600,
                "school": "自学",
                "major": "法律职业资格证书",
                "degree": "本科",
                "isNURS": "否"
            },
            {
                "start_time": 778348800,
                "end_time": 899222400,
                "school": "上海外国语大学",
                "major": "英美文学",
                "degree": "本科",
                "isNURS": "是"
            }
        ],
        "self_str": "本人虚心，好学，责任心强，组织协调能力强，敢于担当。擅于处理复杂疑难纠纷和组织重大合同签署。由于公司发展迅速，团队人手紧缺情况下，还兼管了日常运营业务，熟悉商业地产的开发、运营全过程。随着公司的业务发展，由于本人良好的英文水平，及娴熟的业务技巧，本人参与了所有创新版块业务的开发、合作，在各重大项目中的法律文件审核、签署方面发挥了重要作用。本人兢兢业业的态度和良好的专业技能获得公司领导及同事的一致赞赏，连续多年被评为“优秀员工”称号，并积极参与公司的各项培训，在提高专业技能同时，也极大地培养了本人的组织能力，提高了管理水平。附加消息（1）2010年，获招商局地产控股股份有限公司优秀实习人奖项；（2）2011年，获招商局地产控股股份有限公司优秀员工奖项；（3）2012年，获招商局地产控股股份有限公司优秀员工奖项；（4）2013年，获招商局地产控股股份有限公司三个自我奖项（优秀员工中的优秀）；（5）2014年，获招商局地产控股股份有限公司优秀员工奖项；（6）2013年，完成为期2年的常青藤后备干部班培训，毕业论文获三等奖；（7）2014年，获深圳招商商置投资有限公司专业能力奖。"
    }
}