{
    "template": "06",
    "data": {
        "name": "程控交",
        "sex": "男",
        "email": "tangzhixian@126.com",
        "birth_year": 1988,
        "phone": "13480738235",
        "work_begin": "2009",
        "degree": "大专                            (自考)",
        "work_status": null,
        "target_industry": "计算机软件",
        "target_city": "深圳,广西",
        "target_salary": "6000 元/月",
        "current_salary": "6000 元/月 * 12 个月",
        "self_str": "本人在校期间努力学习,不断的加强思想道德修养,既要学会做事也要学会做人,积极向上、活泼开朗、大方、思维敏捷、有责任心、喜欢交朋友,对待朋友、同学真诚,具有较强的团队意识,对待事情认真负责、有责任心、能够吃苦耐劳,在生活、学习养成一种良好的习惯,有较强的时间观念。",
        "career": [
            {
                "start_time": 1259596800,
                "end_time": 1288540800,
                "company": "深圳市顺恒利科技工程有限公司",
                "position": "技术员",
                "city": "广东-深圳",
                "duty": "11个月 :IT服务·系统集成:深圳市工作性质：:全职职位类别:软件工程师职位级别:初级职位(两年以下工作经验职责和业绩:外派华为#br#计算机软件"
            },
            {
                "start_time": 1288540800,
                "end_time": 1304179200,
                "company": "公司行业：",
                "position": "程序员",
                "city": "广东-深圳",
                "duty": "6个月中软国际C++:计算机软件:深圳市工作性质：:全职职位类别:软件工程师职位级别:初级职位(两年以下工作经验职责和业绩:华为OCS系统工具组的安装升级及开发和错误定位,及shell脚本开发"
            }
        ],
        "education": [
            {
                "start_time": 1188576000,
                "end_time": 1277913600,
                "school": "桂林理工大",
                "major": "大专",
                "degree": "通信工程"
            }
        ]
    }
}