{
    "template": "07",
    "data": {
        "name": "王梅松",
        "update_time": 1147622400,
        "sex": "男",
        "email": "wms8@163.com",
        "phone": "13337777648",
        "birth_year": 1965,
        "residence": "江苏省镇江",
        "self_str": "资深外企药品销售大区经理",
        "industry": "制药·生物工程",
        "last_position": "销售总监",
        "target_salary": "面议",
        "target_industry": "医疗设备·器械|制药·生物工程",
        "target_position": "销售总监",
        "target_city": "上海，南京，杭州",
        "jump_time": "1周以内",
        "career": [
            {
                "company": "赛诺菲-安万特集团",
                "nature": "中外合营(合资．合作)",
                "size": "1000人以上",
                "start_time": 886262400,
                "end_time": 1138723200,
                "position": "大区销售经理",
                "department": "销售部",
                "city": "江苏，浙江,上海，广东,海南,四川,福建",
                "report_to": "总经理",
                "duty": "在刚工作时做为医药代表获得全公司销售第一名，被提升为高级医药代表;后又被提升地区经理,在新的区域内工作一年后，销售量比前一年提高80%。最后,又被公司外派到广州提升为大区经理!本人培训过很多代表的销售管理技巧和产品知识!成功举办过若干次大型产品推广会，学术研讨会，专家园桌交流会等！",
                "left_reason": "目前公司内部调整,个人想换个更适合自己发展的环境工作……（面谈）"
            }
        ],
        "education": [
            {
                "start_time": 462816000,
                "end_time": 615222000,
                "school": "南京医科大学",
                "major": "预防医学",
                "degree": "本科"
            }
        ]
    }
}