{
    "template": "11",
    "data": {
        "name": "董一鹏",
        "phone": "15931665757",
        "city": "北京大兴区",
        "residence": "牡丹江",
        "ID": "231085198510060016",
        "postcode": "157500",
        "email": "aixiaxiaopeng@163.com",
        "sex": "男",
        "birth_year": 1985,
        "marriage": "已婚",
        "work_year": "",
        "update_time": 0,
        "target_city": "北京",
        "target_salary": "不显示职位月薪范围",
        "work_status": "我目前处于离职状态，可立即上岗",
        "target_position": "市场/营销、销售管理、房地产开发/经纪/中介",
        "target_industry": "房地产/建筑/建材/工程",
        "self_str": "本人工作七年，适应能力强，对待工作塌实、努力。勇于接受挑战，能够主动承受工作上带来的压力，有过带领销售团队和组织市场宣传的经验。性格外向、开朗、积极、乐观。具有五年不同领域的销售经验，四年市场部管理的实战经验，两年地产销售经理现场超盘经验，从一名基层业务员塌实做起，至今仍有不足，吸纳长处与优点来弥补自身的短处是我多年摸索出来的经验。我有着强烈成功的欲望与对事业无形信念的坚持，如果有好的机遇我相信我会用行动来证明自己并且感染周围的人，给我一个舞台我会给予更多的精彩。",
        "career": [
            {
                "start_time": 1267372800,
                "end_time": 2147483647,
                "company": "北京市瑞思恒远商业管理服务机构",
                "salary": "4001-6000元/月",
                "position": "销售经理",
                "department": "销售",
                "nature": "民营",
                "industry": "房地产/建筑/建材/工程",
                "size": "100-499人",
                "duty": "主要负责销售团队的管理工作，在销售总部领导下，和各部门密切配合完成工作。#br#严格遵守公司各项规章制度，处处起到表率作用，制订销售计划，确定销售政策，设计销售模式，销售人员的招募、培训，建设并培育销售人员队伍，提高销售人员的达标率，管理并考核销售人员，帮助选拔、补充、发展销售团队。销售业绩的考察评估，销售情况的及时汇总、汇报并提出合理建议。"
            },
            {
                "start_time": 1217520000,
                "end_time": 1267372800,
                "company": "北京标点房地产经纪有限公",
                "duty": "主要就是与客户沟通谈判，让客户对产品从好奇到感兴趣，再从感兴趣到喜欢，最后再从喜欢到欲望，从而促使成交。提高产品销售的速度。深度挖掘产品价值，为开发商创造更大的价值，为客户挑选更合适的产品，以“增值地产，增值地产人”为工作准则，使客户与开发商双盈利，提高销售速度，更快的为开发商回笼资金。主要负责销售小组的管理及业绩完成进度监管，同时自己也负责销售业务。全程跟踪客户，并且带领小组辅助案场经理完成相关销售工作（如：客户选房、订房、签约、办贷、房贷通知、交房验收等）",
                "salary": "2001-4000元/月",
                "position": "销售主管",
                "department": "销售部",
                "nature": "民营",
                "industry": "房地产/建筑/建材/工程"
            },
            {
                "start_time": 1109606400,
                "end_time": 1217520000,
                "company": "黑龙江省穆棱市民政局",
                "duty": "专业性主持服务 工作两年后培训新人#br#以严格的自身要求带给家属最好的服务,善于观察对方的言行举止,从而了解到对方的感受和需要,并以自己的丰富经验做出准确的判断.#br#期间还从事过个体经营!",
                "salary": "2001-4000元/月",
                "position": "司仪 化妆师",
                "nature": "事业单位",
                "industry": "政府/公共事业/非盈利机构"
            }
        ],
        "education": [
            {
                "start_time": 1028131200,
                "end_time": 1080748800,
                "school": "黑龙江省黑龙江大学成人分校 俄语",
                "major": "销售",
                "degree": "大专"
            }
        ]
    }
}