{
    "template": "11",
    "data": {
        "true_id": "JM112821412R90250000000",
        "name": "米卫开",
        "city": "广州",
        "residence": "广州",
        "ID": "441827197508175628",
        "phone": "13533437559",
        "email": "13533437559@139.COM",
        "sex": "女",
        "birth_year": 1975,
        "marriage": "已婚",
        "work_year": "",
        "update_time": 1380384000,
        "target_city": "广州",
        "target_salary": "15000-25000元/月",
        "work_status": "我目前在职，正考虑换个新环境（如有合适的工作机会，到岗时间一个月左右）",
        "target_position": "销售管理",
        "target_industry": "耐用消费品（服饰/纺织/皮革/家具/家电）",
        "self_str": "1、10年的零售终端管理经验，对市场营销工作和品牌管理有深刻认知；对企业品牌管理有系统规划与建设能力，具有娴熟的品牌业务操作技巧，有较强的市场感知能力、敏锐地把握市场动态、市场方向的能力，有良好的战略意识。 2、工作努力，积极进取，责任心强；高度的工作热情，良好的团队合作精神；较强的观察力和应变能力；出色的人际沟通能力、团队建设能力、组织开拓能力。 3、应变能力、学习能力强，能承受较大的工作压力，能在较短时间内适应高压力的工作。",
        "career": [
            {
                "start_time": 1354291200,
                "end_time": 1380556800,
                "company": "广州淑女屋服饰有限公司",
                "salary": "15000-25000元/月",
                "position": "市场总监",
                "department": "营运总监",
                "nature": "民营",
                "industry": "耐用消费品（服饰/纺织/皮革/家具/家电）",
                "size": "100-499人",
                "duty": "1、负责建设和发展营运团队，组织开展员工队伍培训、考核评价及人才梯队建设工作，满足公司业务拓展需要;负责下辖相关岗位的人员招募及培训鉴定;#br#2、整体负责品牌营运管理，包括旗舰店、商场专柜等在内的品牌管理、服务规范、营业培训、形象管理及商品与价格管理工作。#br#3、负责所辖区域的整体市场工作计划的制定、部署及监督实施，提升品牌在所辖区域的知名度和认同度;负责所辖区域的库存控制及管理;负责建立、完善运营相关系统及工作标准;负责公司各项规章制度在所辖区域的贯彻执行。负责推动所辖区域的渠道拓展;负责协调处理所辖区域外部公共关系(重要客户等)。#br#4、负责公司市场部门(营运、品牌策划)制度规范，负责组织及监管市场部关于对外合作、渠道管理。#br#5、协调、策划、组织与合作实施工作，大型重点装修工程洽谈、管控，行业品牌竞争格局分析与竞争策略规划。#br##br#"
            },
            {
                "start_time": 1209571200,
                "end_time": 1354291200,
                "company": "广州市淑女屋服饰有限公司",
                "duty": "1、负责销售团队建立与规划、优化部门的组织架构、进行职责分工实现组织精简、高效。#br#2、负责辖区拓展、直营销售管理，制定拓展、直营销售计划，提升终端店铺管理。#br#3、负责营销管理、市场拓展的实际工作。#br#4、 对区域内主导公司及下属办事处人员进行定编、定岗、定责，制定下属的岗位描述，规范区域经营活动中各环节的规章制度，并使之有效执行。#br#5、 编制辖区月、季、年度各店的营销计划，及时调整所辖区域的人员结构，营销所必备的设施配置，保证营销计划的实现。#br#6、负责将系统的年度目标分解，并对区域主管完成目标进行监督和评估，及时跟进销售情况，带领团队完成销售目标。#br#7、负责组织、制订公司的营运管理制度，使每项工作有章可循。#br#8、定期对市场营销环境、目标、计划、业务活动进行核查分析，及时调整营销策略和计划，制订预防和纠正措施，确保完成营销目标和营销计划。#br#9、负责品牌市场开拓和维护，分析和预测市场占有情况。#br#10、落实公司各项销售政策,推动销售业绩提升并达成区域年度销售。#br#11、负责辖区各季订货，订单质量的审核；制定商品上柜的推广及追[踪分析，策划清销库存的企划。#br#管理经验：",
                "salary": "16万/年",
                "position": "品牌营运总监/经理",
                "department": "市场部",
                "nature": "股份制企业",
                "industry": "耐用消费品（服饰/纺织/皮革/家具/家电）",
                "size": "10000人以上",
                "report_to": "总经理",
                "underlings": "156人",
                "performance": "1、在品牌全面遭遇退场的危难之时，快速组建有冲满激情和战斗力的的营销团队，使品牌在辖区重新崛起。使品牌2008年前在各大百货排名均倒数成为历史，在所有物业的排名均有较高的提升，部份物业持续排名在前三名。"
            },
            {
                "start_time": 1086019200,
                "end_time": 1206979200,
                "company": "广州淑女屋服饰有限公司",
                "salary": "12万/年",
                "position": "区划经理",
                "department": "市场部",
                "nature": "股份制企业",
                "industry": "耐用消费品（服饰/纺织/皮革/家具/家电）",
                "size": "10000人以上",
                "duty": "1、根据公司下达的营销策略，制定辖区年度销售计划并分解及督导实施；#br#2、制定相应的市场销售计划、完成辖区内店铺拓展、VIP管理的计划和相应的跟进执行计划，以保证完成市场开拓及日常营销管理。#br#3、 对销售计划的成效及销售人员的工作表现进行评估，组织制订区域店铺各种竞赛活动的策划组织与推动店铺服务，有效实施方案；#br#4、关注公司的新款和畅销款的销售情况，并向上级汇报业绩情况，根据店铺的销售实况做出调整。协助商品部货品调配及检查监督工作；#br#5、组织品牌员工的招聘和培训工作，制度有效的激励方案；#br#6、 筹办“自然元素”品牌秋冬季新品发布置会，并协助客户服务部跟进客户订货工作； 7、协助及参“淑女屋”时装发布会，及对外宣传活动；#br#8、 协助营运部门完成“店铺营运手册”，同时负责收集，整理各部门反馈的意见以便日后修改；#br#9、 配合营运部门开展零售部各层级绩效评估,并向公司提出改善方案。#br#10、 密切关注所辖地区商圈变化，确保品牌入驻当地优质之商厦及抢占最佳的营销场地。#br#11、 制定战略、策略，并推进实施，并在实施过程中进行协调、控制、调整和修正，以保证目标的实现#br#管理经验：",
                "report_to": "总监",
                "underlings": "126人",
                "performance": "1、根据公司发展计划、供货安排及本地区的具体条件，制定所直接负责品牌年度、季度月度营销计划及促销方案，上报各品牌营销经理制定的年度、季度月度、营销计划及促销企划。"
            },
            {
                "start_time": 1012492800,
                "end_time": 1086019200,
                "company": "深圳市淑女屋时装有限公司",
                "salary": "9万/年",
                "position": "市场部主管",
                "department": "市场部",
                "nature": "民营",
                "industry": "耐用消费品（服饰/纺织/皮革/家具/家电）",
                "size": "1000-9999人",
                "duty": "1、 负责华南二区淑女屋、自然元素品牌等四品牌店铺的管理，指导督导开展包括店铺销售计划制定等各项工作。#br#2、 华南二区品牌店铺的订、退货申请，计划与组织执行店铺的货品上、下柜和调整，保证店铺货品的合理配置。#br#3、负责华南二区店铺的形象管理，指导下属在按公司陈列标准下结合地区实际商品情况、销售计划进行卖场的陈列规划、各期商品陈列标准的制定并实施，提升商品价值感，促进产品快速销售，提升品牌形象。#br#4、监督店铺日常管理，密切关注竞合品牌的动态与信息，关注员工状态，做好人员管理。#br#5、曾长期出差负责广东地区“二级市场”（如：顺德，佛山，江门,上海等）的拓展工作，区域内店铺开/撤场工作,熟悉商场密切关注本地区商圈变化，掌握相关信息。#br#管理经验：",
                "report_to": "部门经理",
                "underlings": "132人",
                "performance": "1、负责管理地区的营销、货品及行政事务；在保证地区销售业绩的状况下确保地区所有工作的正常化进行。"
            },
            {
                "start_time": 980956800,
                "end_time": 1030809600,
                "company": "深圳市淑女屋时装有限公司",
                "salary": "4001-6000元/月",
                "position": "市场督导",
                "department": "市场部",
                "nature": "民营",
                "industry": "耐用消费品（服饰/纺织/皮革/家具/家电）",
                "duty": "1、 根据总部核准的销售计划、各专卖店的近期营销业绩，将销售计划分解到各专卖店。 2、 密切关注市场动态，及时准确地分析商品畅、滞销原因，并拟定具体货品调动方案，抢占第一销售时机。#br#3、 根据总部的促销计划，结合本地区的具体情况，拟定具体的促销实施方案。#br#4、 对营销人员进行现场的销售业务培训，并定期制定业务培训计划并负责实施。#br#5、 负责给市场主管提供第一手的市场资料，配合市场主管完成各项相关工作。#br#6、 负责分管地区专卖店的店面形象和行为形象，对专卖店店面形象及店员形象负责。 7、 亲自参与实施每一季、每主题店面形象布置，并反馈照片。#br#8、 做好店内货品的陈列，橱窗及模特的出样与布置。#br#9、 及时反馈各店面形象情况以及新店开业所需形象物品并做好相应的形象实施工作。 10、 监督指导专卖店小姐对形象规范的执行，并进行考核。#br#11、 配合公司及商场做相关的工作（如促销宣传活动时表演服装的搭配）。#br#12、做好装饰品的建帐、登记、分配、回收工作，并填写装饰品分配表格。#br#13、负责所分管各地的新店开业的相关事宜，配合地区主理人做好装修的验收工作。 14、负责本地区货品计划的分配与落实，及时分析商品畅、滞销原因，并制定出指导方案；负责对下属店长进行业务培训；负责地区货品计划、货品调配等工作；配合地区主理人，结合市场的具体情况制定切实可行的营销策略，促使地区货品达到理想的出清率。"
            },
            {
                "start_time": 928166400,
                "end_time": 1007136000,
                "company": "上海巧帛服饰有限公司",
                "duty": "1、负责品牌店铺的管理，指导店长开展包括店铺销售计划制定等各项工作。#br#2、负责店铺的形象管理，指导下属在按公司陈列标准下结合店铺实际商品情况、销售计划进行卖场的陈列规划、提升商品价值感，促进产品快速销售，提升品牌形象。#br#3、监督店铺日常管理，密切关注竞合品牌的动态与信息，关注员工状态，做好人员管理。#br#4、根据公司制定销售计划并分阶段完成销售目标。#br#5、定期培训下属，销售分析，资讯分享，提高下属基本素质。#br#6、指导统筹促销活动，达到良好效果。#br#7、制定、主持店长会议。#br#8、推出各式激励游戏及培训，激励员工士气。#br#9、后勤支持沟通。#br#10、组织公司营运部门交流活动。",
                "salary": "4001-6000元/月",
                "position": "大店长",
                "department": "销售部",
                "nature": "民营",
                "industry": "耐用消费品（服饰/纺织/皮革/家具/家电）",
                "size": "20人以下"
            }
        ],
        "projects": [
            {
                "start_time": 1249056000,
                "end_time": 1322668800,
                "name": "拓展",
                "duty": "品牌有华南二区专柜/专卖店拓展",
                "description": "二年时间从一个专柜拓展到三十多个专柜/专卖店"
            },
            {
                "start_time": 1217520000,
                "end_time": 2147483647,
                "name": "品牌营运",
                "duty": "品牌在区域的拓展、销售等一切负责",
                "description": "品牌营运"
            },
            {
                "start_time": 1212249600,
                "end_time": 2147483647,
                "name": "业绩排名",
                "duty": "强化品牌在行业里的竞争力。",
                "description": "2008年前自然元素在各大百货排名均在倒数，甚至出现崩盘的状况，接管该品牌后，在所有物业的排名均有较高的提升，部份物业持续排名在前三名。"
            },
            {
                "start_time": 1109606400,
                "end_time": 1109606400,
                "name": "培训",
                "duty": "对百货员工形象、百货基本陈列进行培训",
                "description": "受新光百货邀请，对百货中高层以及终端员工进行了深入的培训，得到一至的好评"
            },
            {
                "start_time": 1064937600,
                "end_time": 1064937600,
                "name": "品牌推广",
                "duty": "秋冬装发布会",
                "description": "1、2009年10月组织品牌在天河城进行了一场时装发布会，使业内人士深深领略到公司品牌的企业文化和设计内涵，使品牌的市场地位和美誉度得到提升。2、2008组织口牌在天河城中庭进行了一场独具一格的静态情景模式推广，让业内人士以及各大百货负责人深深体现了品牌浓厚的企业文化和设计内涵。3、2009年组织品牌北京路广百进行了一场时尚、经典的秋冬新品发布会，使行内人员以及各大物业再一次体现到时尚领头羊的精神和精髓。"
            },
            {
                "start_time": 991324800,
                "end_time": 1254326400,
                "name": "区域品牌营运",
                "duty": "对区域三品牌营运，其中包括商品运作、销售、品牌形象、工程",
                "description": "对区域淑女屋、自然元素、床上用品整体运作；1、货品配置、流通合理，达到公司如期的效果，使货品的周转期、周转率得到高效的提升。2、为其三品牌策划有效的促销方案，使货品在上柜期得到有效的流通，同时使销售在公司全国评定中名列前茅。3、对品牌区域中层干部、终端员工形象、店铺货品陈列、以及7S管理得到物业及公司一致的好评；4、对区域中层干部、营销人员的业务技能--FAB、SNS法则，7S管理等进行培训；5、对店铺开业前后中的图纸审核、装修工作进行跟踪，落实；"
            }
        ],
        "education": [
            {
                "start_time": 749404800,
                "end_time": 836150400,
                "school": "清远附城电大",
                "major": "市场营销",
                "degree": "大专"
            },
            {
                "start_time": 652114800,
                "end_time": 741456000,
                "school": "广州清新太平三中",
                "major": "高中",
                "degree": "高中"
            },
            {
                "start_time": 557420400,
                "end_time": 646758000,
                "school": "广州清新三坑河岗中学",
                "major": "初中",
                "degree": "初中"
            },
            {
                "start_time": 399657600,
                "end_time": 552063600,
                "school": "清新湴塘小学",
                "major": "小学",
                "degree": "其他"
            }
        ]
    }
}