{
    "template": "11",
    "data": {
        "true_id": "JM005403686R90250000000",
        "name": "刘任达",
        "phone": "18701527367",
        "city": "北京",
        "residence": "北京",
        "ID": "371002198708150519",
        "email": "liurenda1987@gmail.com",
        "sex": "男",
        "birth_year": 1987,
        "marriage": "已婚",
        "work_year": "",
        "update_time": 1417536000,
        "target_city": "北京",
        "target_salary": "15000-25000元/月",
        "work_status": "我对现有工作还算满意，如有更好的工作机会，我也可以考虑。（到岗时间另议）",
        "target_position": "项目管理/项目协调、IT管理/项目协调",
        "target_industry": "IT服务(系统/数据/维护)、计算机软件、互联网/电子商务、通信/电信运营、增值服务、基金/证券/期货/投资、网络游戏、外包服务、旅游/度假、贸易/进出口、娱乐/体育/休闲、跨领域经营、电气/电力/水利、物流/仓储、教育/培训/院校",
        "self_str": "五年J2EE开发经验，让我对抽象思想、编码规范及性能优化有了更深入的理解，并积累了丰富的开发经验。#br#三年团队管理经验，让我学会了如何站在业务角度来考虑代码的实现，学会了如何在业务人员和技术人员之间进行沟通。也让我迈过了项目管理的门槛。#br#三年欧美交付经验，让我掌握了更专业的流程化管理模式，在项目规划、团队建设、成本质量控制和风险把控方面积累了丰富的经验。并学会了如何在IT行业应用敏捷开发。也让我的英语水平得到了提升。",
        "career": [
            {
                "start_time": 1409500800,
                "end_time": 2147483647,
                "company": "博南石管理咨询（上海）有限公司",
                "salary": "15000-25000元/月",
                "position": "咨询项目管理",
                "nature": "外商独资",
                "industry": "专业服务/咨询(财会/法律/人力资源等)",
                "size": "1000-9999人",
                "duty": "服务于宝马中国，为客户优化工作流程，提供相应技术解决方案。#br#组建Java交付团队，制定项目管理流程，制定项目质量标准并实施质量控制，为公司搭建Java技术框架。"
            },
            {
                "start_time": 1396281600,
                "end_time": 1409500800,
                "company": "人民网",
                "duty": "负责项目管理；管理外包供应商；制定项目计划。#br#在部门里推行敏捷开发和标准化项目管理方法，协助提高项目开发效率和质量。#br#管理经验：",
                "salary": "10001-15000元/月",
                "position": "项目经理",
                "nature": "国企",
                "industry": "媒体/出版/影视/文化传播",
                "report_to": "部门主管",
                "performance": "将外包供应商合作形式成功引入公司，并协助相关部门制定了一套供应商的管理方案，从而解决了由于研发人力不足导致的生产力下够和成本过高的问题。"
            },
            {
                "start_time": 1270051200,
                "end_time": 1396281600,
                "company": "北京中软国际",
                "salary": "8001-10000元/月",
                "position": "项目经理",
                "nature": "合资",
                "industry": "IT服务(系统/数据/维护)",
                "size": "10000人以上",
                "duty": "负责项目管理；制定技术人员绩效考核标准和项目质量审核标准；定期组织技术培训，推行敏捷开发和项目管理方法，协助提高项目质量和开发效率。#br#带队成功交付了部门第一个美国项目，随后相继交付了3个美国的金融、能源项目，并因此获得集团2011年度优秀员工的殊荣。#br#任职期间，通过了公司内部项目经理资格认证，向客户交付的所有项目毛利率均高于45%。并带队开发了部门内部运营系统，提升了运营人员的工作效率，并有效地支持了部门的内审和外审工作。#br#管理经验：",
                "report_to": "部门主管",
                "underlings": "15人",
                "performance": "交付的项目毛利率全部超过45%，最高达58%。在有效控制成本的前提下，既保证了软件质量，又得到很高的用户满意度。"
            },
            {
                "start_time": 1243785600,
                "end_time": 1267372800,
                "company": "哈尔滨工业大学八达集团公司",
                "salary": "1000元/月以下",
                "position": "软件工程师",
                "duty": "大学期间进入公司实习，从初级的开发一直到独立负责功能模块的设计与开发，让我成功跨过了软件工程师的门槛。"
            }
        ],
        "projects": [
            {
                "start_time": 1409500800,
                "end_time": 2147483647,
                "name": "宝马中国远程数据访问平台(RDA)",
                "soft": "Linux suse/JDK1.7/Glassfish4/Oracle11g",
                "dev": "Eclipse/PLSQL/SVN",
                "duty": "担任资深Java解决方案顾问。主要工作：-组建Java交付团队-业务流程分析-技术选型-软件架构设计-数据结构设计-制定软件质量标准-执行质量控制-系统集成",
                "description": "基于宝马全球数据仓库，提供灵活和现代化的数据分析解决方案，包含可靠的业务报告和业务分析等。此外RDA平台为宝马公司、华晨宝马、区域经理、经销商及售后等不同用户提供操作入口。并为SAP Business Objects提供数据接口，用于数据、图形分析。而且RDA平台支持业务人员的日常工作(如售后、销售)。"
            },
            {
                "start_time": 1396281600,
                "end_time": 1409500800,
                "name": "人民日报客户端",
                "soft": "Linux/JDK1.7/Tomcat7/MySQL",
                "dev": "Eclipse/SVN",
                "duty": "担任新闻内容管理平台-CMS的团队负责人。主要工作：-组建团队-优化平台技术架构-实施质量控制-推行流程化项目管理并制定相应规范-推行敏捷开发-Scrum",
                "description": "人民日报客户端是资讯类手机端应用程序，为用户实时推送新闻，支持订阅，帮助用户与政府官员进行及时在线沟通。客户端所有新闻资讯均由新闻内容管理平台来支撑。技术方面应用缓存与索引提升性能，硬件方面利用集群缓解互联网流量大、并发高的问题。"
            },
            {
                "start_time": 1388505600,
                "end_time": 1396281600,
                "name": "乐享3C在线平台",
                "soft": "Linux/JDK1.7/Tomcat7/MySQL",
                "dev": "Eclipse/PowerDesigner/SVN",
                "duty": "担任项目经理，直接下属4人。负责管理项目的整个生命周期。主要工作：-项目投标-需求分析-技术选型-组建团队-质量控制-项目交付",
                "description": "该平台为3C产品用户提供在线咨询、线下维修的功能。用户可通过摇晃手机后定位并快速查看最近的工程师和服务网点，找到所需要的服务，并联系工程师通过上门服务来解决遇到的电子产品问题。"
            },
            {
                "start_time": 1364745600,
                "end_time": 1385827200,
                "name": "美国某公司医疗部门产品库存/售后管理系统",
                "soft": "Linux/JDK1.5/JBoss/SQL Server",
                "hard": "CPU: Intel 奔腾4 2.8GHz; Memory: 16G; HD: 500G",
                "dev": "Eclipse/PowerDesigner/SVN",
                "duty": "担任项目经理，直接下属11人。主要工作：-需求分析-制定项目计划和风险计划-制定团队绩效考核标准，并执行标准-软件架构及数据库设计-监控项目进度、成本和质量等-实施项目风险控制-组建团队-维护客户关系-与国外团队进行项目交接",
                "description": "该项目是客户公司亚洲区医疗器械及原料的库存、物流管理系统，并向财务人员提供财务审计功能。并要整合到客户公司的SOA服务中。最终成功交付，并得到客户邮件的肯定和赞赏，项目毛利率达到58%。"
            },
            {
                "start_time": 1322668800,
                "end_time": 1349020800,
                "name": "美国某公司能能源部门全球工厂机组信息管理系统",
                "soft": "Linux/JDK1.6/JBoss/Oracle11g",
                "hard": "CPU: Intel 奔腾4 2.8GHz; Memory: 16G; HD: 500G",
                "dev": "Eclipse/PowerDesigner/SVN",
                "duty": "担任项目经理，直接下属7人。主要工作：-需求分析-制定敏捷管理计划和风险计划-软件架构与数据库设计-流程化项目管理及阶段交付-跟踪项目进度-成本控制-制定质量标准-实施质量控制-技术培训",
                "description": "该系统为美国某公司能源部门的一个信息管理统计平台，针对全球其下属所有工厂的涡轮机组使用情况的统计、机组配置与管理平台。应用客户群为美国客户。客户要求该项目应用敏捷开发的模式来执行，并要求使用JSF技术框架来完成开发工作。这两点对我和我的团队都是挑战：一、在这个项目前我们没有应用过敏捷开发模式；二、我的团队没有应用过JSF技术。所以在项目启动前我便组织团队集中学习JSF技术，同时摸索敏捷开发的管理流程和方法。最终成功交付项目，而且带队攻克了技术和流程的两大难关。随后在部门内进行了推广并组织了相应培训。"
            },
            {
                "start_time": 1304179200,
                "end_time": 1322668800,
                "name": "美国某公司能源部门水力发电产品/专家信息展示平台",
                "soft": "Windows/iOS/Android/BlackBerry OS/JDK1.6/Tomcat6.0/Oracle10g",
                "hard": "PC: Intel 奔腾4 2.8GHz; 4G; 500G; Mobile: iPhone; Android Phone; BlackBerry",
                "dev": "Eclipse/PowerDesigner/SVN",
                "duty": "担任项目经理，直接下属5人。主要工作内容如下：-需求分析-制定项目管理计划-软件架构与数据库设计-流程化项目管理-HTML5开发及jQuery Mobile框架的组件开发-项目交付每一个里程碑，均得到客户口头和邮件的肯定和赞赏。由于在项目中表现优秀，而且为部门打开了美国市场，因此获得集团2011年度优秀员工的殊荣。",
                "description": "该项目是美国某公司能源部门工单处理及产品、专家信息展示平台。业务上分前端信息展示和后台工单处理、信息维护两部分。应用设备分PC端和移动端两部分。PC端主要是内部使用，用来维护产品信息和专家信息以及工单分派和跟踪等。移动端主要是销售人员使用，用来向客户进行产品演示和展会宣传等作用。该项目有PC和移动端两种应用场景，而且客户要求使用HTML5技术，所以为了控制成本和质量，我们选择使用相同页面代码通过jQuery mobile+手写JS来控制效果展现这种解决方案。最终成功在移动端模拟出App的展示效果和用户体验。后台使用统一的标准SSH框架，集成客户方的SSO系统实现单点登录和内外网数据相通的功能。"
            },
            {
                "start_time": 1285862400,
                "end_time": 1309449600,
                "name": "国内某通信设备生产商内部移动终端应用商店",
                "soft": "Windows/iOS/Android/JDK1.6/Tomcat6.0/Oracle10g",
                "hard": "PC: Intel 奔腾4 3.6GHz; 8G; 500G; Mobile: iPhone; Android Phone",
                "dev": "Eclipse/MySQL Workbench/SVN",
                "duty": "负责研发工作。独立完成：-购物、库存业务模块的开发-PayPal第三方支付平台集成-权限控制-HTML5开发，实现JS多线程，浏览器手势，3D动画效果-解决HTML页面内存溢出-组织团队学习HTML5技术二期结束后，部门推荐我参加了公司内部的项目管理培训，并通过了公司内初级项目经理资格考试。",
                "description": "该项目属于国内某通信设备制造商的内部研究型项目。采用类淘宝商铺的模式销售手机应用。要求一套代码自适应PC端所有浏览器以及Android/iOS 系统的移动设备。该项目由于属于研发型项目，所以对于前端用户体验有很高要求。前端采用Portlet+HTML5技术实现数据和效果的动态展示。后台采用了标准的SSH框架，并利用Spring Security实现了系统的权限控制。"
            },
            {
                "start_time": 1262275200,
                "end_time": 1285862400,
                "name": "国内某信息设备生产商网络安全部门 URL分析处理平台",
                "soft": "Linux/JDK1.5/Tomcat5.5/Oracle 10g",
                "hard": "CPU: Intel 奔腾4 3.6GHz; Memory: 16G; HD: 500G",
                "dev": "MyEclipse/PowerDesigner/SVN",
                "duty": "项目一期负责研发工作。独立完成：-单点登录、权限管理、 Quartz定时任务-协助团队成员完成日志处理分析并提供报表等功能项目二期担任研发组长，直接下属2人。主要负责：-需求分析-分派和跟踪任务-系统集成由于在项目中表现出色，转正后公司为我解决了北京户口。",
                "description": "该系统是为国内某通信设备制造商信息安全部门提供的分词抓取-处理-存储的解决方案。有效地提高了该部门员工的工作效率和工作质量。该平台涉及大量的复杂算法及提高大数据处理效率的数据库优化。本项目结构上分为表现层、业务层和数据访问层。采用的技术有Struts1，Spring，Hibernate，Quartz，Log4J等。其中表现层采用Struts1框架开发；业务层封装业务流程，为适应业务的变更，每一业务模块均有专门的接口及实现类，利用Spring的IoC功能将实现类注入给表现层的Action；数据访问层借助于Hibernate实现，代码简洁且可适应不同的数据库。事务部分利用Spring的声明式事务管理。"
            }
        ],
        "education": [
            {
                "start_time": 1151683200,
                "end_time": 1277913600,
                "school": "黑龙江科技大学",
                "major": "计算机科学与技术",
                "degree": "本科"
            }
        ]
    }
}