{
    "template": "11",
    "data": {
        "true_id": "JS135873014R90000006000",
        "name": "刘晓媛",
        "phone": "13718013802",
        "city": "北京",
        "residence": "北京",
        "email": "zbliuxy@sohu.com",
        "sex": "女",
        "birth_year": 1973,
        "work_year": "",
        "update_time": 0,
        "target_city": "北京",
        "target_salary": "8001-10000元/月",
        "work_status": "我目前处于离职状态，可立即上岗",
        "target_position": "会计经理/主管、财务主管/总帐主管、财务经理、财务分析经理/主管、会计/会计师",
        "target_industry": "计算机硬件、IT服务(系统/数据/维护)、网络游戏、电子技术/半导体/集成电路、基金/证券/期货/投资、航空/航天研究与制造、能源/矿产/采掘/冶炼、计算机软件、互联网/电子商务、通信/电信运营、增值服务、仪器仪表及工业自动化、广告/会展/公关、教育/培训/院校、中介服务、政府/公共事业/非盈利机构、房地产/建筑/建材/工程、物业管理/商业中心、媒体/出版/影视/文化传播、专业服务/咨询(财会/法律/人力资源等)、检验/检测/认证、贸易/进出口、办公用品及设备、大型设备/机电设备/重工业、医药/生物工程、医疗设备/器械、石油/石化/化工、电气/电力/水利、学术/科研、环保、跨领域经营、印刷/包装/造纸、交通/运输、其他",
        "self_str": "认真、严谨",
        "career": [
            {
                "start_time": 1322668800,
                "end_time": 2147483647,
                "company": "北京亿新资本管理有限公司",
                "salary": "8001-10000元/月",
                "position": "财务经理",
                "nature": "民营",
                "industry": "基金/证券/期货/投资",
                "duty": "职责 ： 1.负责公司财务部工作，向分管财务部的公司领导汇报工作。2.负责制定并完成公司的财务会计制度、规定和办法。3.制定年度.季度财务预算.分析检查公司财务收支和预算的执行情况。4.按时编制财务报表，完成财务分析报告，反映企业的财务状况和经营成果等。5. 进行成本效益核算核可行性分析。6.全面负责帐务问题处理、审计工作、财务软件的管理维护工作及税务的协调工作，维系好与银行及税务机关的关系。7.上级领导交办事项。"
            },
            {
                "start_time": 1130774400,
                "end_time": 1322668800,
                "company": "北京丰凯电子科技有限公司",
                "duty": "职责 ： 1.负责公司财务部工作，向分管财务部的公司领导汇报工作。2.负责制定并完成公司的财务会计制度、规定和办法。3.制定年度.季度财务预算.分析检查公司财务收支和预算的执行情况。4.按时编制财务报表，完成财务分析报告，反映企业的财务状况和经营成果等。5. 进行成本效益核算核可行性分析。6.全面负责帐务问题处理、审计工作、财务软件的管理维护工作及税务的协调工作，维系好与银行及税务机关的关系。7.上级领导交办事项。",
                "salary": "6001-8000元/月",
                "position": "财务经理",
                "nature": "合资",
                "industry": "通信/电信运营、增值服务"
            },
            {
                "start_time": 1072886400,
                "end_time": 1128096000,
                "company": "北京西伯尔通信科技有限公司",
                "duty": "责：日常财务的全盘核算管理；编制财务报表、提供财务分析数据。资产管理..熟悉各项税务法规、政策和北京市有关税收优惠政策，熟悉行业业务流程和相关的会计政策，熟练操作财务软件和办公软件系统",
                "salary": "4001-6000元/月",
                "position": "财务主管",
                "nature": "民营",
                "industry": "通信/电信运营、增值服务"
            },
            {
                "start_time": 804528000,
                "end_time": 1072886400,
                "company": "会计师事务所",
                "duty": "就职于： 地产公司、会计师事务所。职位： 审核会计、主管会计#br##br#职责：在地产公司从事原材料的进、销、存核算，工程项目的成本核算。在事务所从事所得税的报批审",
                "salary": "2001-4000元/月",
                "position": "会计",
                "nature": "国企",
                "industry": "其他"
            }
        ],
        "education": [
            {
                "start_time": 957110400,
                "end_time": 957110400,
                "school": "通过全国会计职称考试 会计师（中级）",
                "major": "财务专业",
                "degree": "大专"
            },
            {
                "start_time": 893952000,
                "end_time": 893952000,
                "school": "通过全国会计职称考试 助理会计师",
                "major": "财务专业",
                "degree": "大专"
            },
            {
                "start_time": 709920000,
                "end_time": 804528000,
                "school": "中央广播电视大学",
                "major": "财经类",
                "degree": "大专"
            }
        ]
    }
}