{
    "template": "11",
    "data": {
        "target_position": "销售业务",
        "update_time": 1444752000,
        "true_id": "JM515712807R90250000000",
        "name": "吴丙寅",
        "phone": "15127185046",
        "city": "石家庄",
        "residence": "石家庄",
        "ID": "130103198611210016",
        "email": "15127185046@163.com",
        "sex": "男",
        "birth_year": 1986,
        "work_year": "",
        "target_city": "石家庄",
        "target_salary": "4001-6000元/月",
        "work_status": "我目前在职，正考虑换个新环境（如有合适的工作机会，到岗时间一个月左右）",
        "target_industry": "耐用消费品（服饰/纺织/皮革/家具/家电）、快速消费品（食品/饮料/烟酒/日化）",
        "career": [
            {
                "start_time": 1377964800,
                "end_time": 2147483647,
                "company": "河北方杰电子科技有限公司",
                "salary": "4001-6000元/月",
                "position": "销售代表",
                "duty": "门店店长熟悉三星CE产品，组织活动，安排每日店内任务。"
            }
        ],
        "projects": [
            {
                "start_time": 1370016000,
                "end_time": 1372608000,
                "name": "三星中华大街专卖店店庆",
                "duty": "店庆策划 广告媒体对接 活动机型内容制定"
            },
            {
                "start_time": 1370016000,
                "end_time": 1372608000,
                "name": "三星中华大街专卖店店庆",
                "duty": "店庆策划 广告媒体对接 活动机型内容制定"
            },
            {
                "start_time": 1370016000,
                "end_time": 1372608000,
                "name": "三星中华大街专卖店店庆",
                "duty": "店庆策划 广告媒体对接 活动机型内容制定"
            }
        ],
        "education": [
            {
                "start_time": 1028131200,
                "end_time": 1120147200,
                "school": "河北科技大学",
                "major": "化学制药",
                "degree": "大专"
            }
        ]
    }
}