{
    "template": "13",
    "data": {
        "true_id": "320940156",
        "update_time": 1475078400,
        "name": "",
        "city": "上海-闵行区",
        "last_position": "技术经理",
        "last_company": "磊落科技有限公司",
        "industry": "互联网/电子商务",
        "major": "电气工程及其自动化",
        "school": "南昌大学",
        "degree": "本科",
        "residence": "嘉兴",
        "current_salary": "15万元",
        "email": "345615840@qq.com",
        "sex": "男",
        "birth_year": 1992,
        "work_year": "",
        "target_salary": "10000-14999元/月",
        "target_city": "上海",
        "target_position": "技术支持/维护工程师",
        "target_industry": "仪器仪表/工业自动化 建筑/建材/工程",
        "jump_time": "3个月内",
        "self_str": "了解智能家居现状、熟悉各类品牌优势、掌握各类品牌价格体系。",
        "career": [
            {
                "start_time": 1383235200,
                "end_time": 2147483647,
                "company": "磊落科技有限公司",
                "industry": "互联网/电子商务",
                "size": "50-150人",
                "nature": "民营公司",
                "position": "技术经理",
                "department": "项目部",
                "duty": "熟悉EIB、KNX总线 熟练使用ETS4编程调试软件。#br#熟悉视声、HDl、ABB i-bus、海格、施耐德C-bus、西门子EIB等K-bus总线设备及调试#br#负责公司智能化的方案设计和施工管理。#br#具有工程项目强弱电设计方案能力，能够独立做报价，熟悉电气图纸和施工。#br#熟悉弱电各个系统搭建与具体施工。#br#具有职业等级：维修电工技师证书（不仅仅是证书，而是实力）#br#负责具体别墅的智能家居方案设计和具体施工。#br#熟悉PLC工控自动化原理，能独立设计PLC控制柜。#br#熟悉台达、昆仑通态等工控触摸屏。#br#本人出生于一个工程家庭，从小就热爱做弱电方面的系统集成做工程，跟着父亲到处跑工程。我不是因为需要一份工作而向贵公司投了这份简历，我热爱这个行业，我对自己的工作充满着无限的激情，喜欢挑战，具有难以想象的责任心。#br#上海号码：15821229921"
            }
        ],
        "education": [
            {
                "start_time": 1251734400,
                "end_time": 1370016000,
                "school": "南昌大学",
                "degree": "本科",
                "major": "电气工程及其自动化",
                "class": "PLC控制及原理、电力电子、工厂供配电、模电、计算机网络、、单片机原理、电力拖动、高等数学、专业英语、C语言、汇编等学科。"
            }
        ]
    }
}