{
    "template": "13",
    "data": {
        "true_id": "83454141",
        "update_time": 1449504000,
        "name": "吕利军",
        "city": "昆明-西山区",
        "last_position": "总助-计划运营经理-营销经理",
        "last_company": "云南经典房地产开发集团有限公司",
        "industry": "房地产",
        "major": "地理科学",
        "school": "云南师范大学",
        "degree": "硕士",
        "height": "175cm",
        "marriage": "已婚",
        "current_salary": "20万元",
        "phone": "15987131336",
        "email": "lvlijun105@163.com",
        "sex": "男",
        "birth_year": 1984,
        "work_year": "",
        "target_salary": "10000-14999元/月",
        "target_city": "昆明 曲靖",
        "target_position": "总裁助理/总经理助理 房地产投资分析 营运经理 其他",
        "target_industry": "房地产 酒店/旅游 金融/投资/证券",
        "jump_time": "3个月内",
        "self_str": "责任心强，学习能力强，对工作耐心细致，善于发现，思维缜密，对事物具备良好的洞察力；善于与人沟通，虚心接受他人意见并进行改正，人际关系良好，能做好一个协作者也能做好一个领导者；行动力、时间观念强，对自我要求较高。",
        "career": [
            {
                "start_time": 1333209600,
                "end_time": 2147483647,
                "company": "云南经典房地产开发集团有限公司",
                "industry": "房地产",
                "size": "150-500人",
                "nature": "民营公司",
                "position": "总助-计划运营经理-营销经理",
                "department": "总裁办公室、营销管理中心",
                "duty": "(一)计划管理部经理#br#1、参与制定公司发展规划、年度计划；#br#2、制定运营工作目标及计划，并监督执行；#br#3、负责公司年度经营目标、经营计划、工作计划及项目总体控制计划的汇总编制、监控；#br#4、负责各项目关键节点计划、总体计划、年度/季度计划的审核、监控；对项目月度、各专项计划的监控；#br#5、负责检查各计划关键节点的执行情况，参与上级单位相关业务协调会议，对公司各部门工作计划执行情况监督；#br#6、组织公司的年度/季度/月度及专题的运营会议，及相关运营简报的编制、审核；#br#7、组织公司各项目年度/季度组织绩效考核会议，并负责进度指标的标准制定及考核；#br#8、贯彻实施公司拟定的各项制度、流程；#br#9、根据公司经营发展和管理需要，制定并完善公司运营各项管理制度与流程，并组织实施；#br#10、协助公司领导和其他部门，做好经营管理工作；#br#11、及时完成上级领导安排的其他工作；#br#（二）总裁助理#br#1、协助总裁制定公司发展战略规划、年度工作计划、经营计划；#br#2、负责组织监督、检查公司管理制度落实情况，维护内部管理系统正常运行；#br#3、推进公司内部管理制度化、规范化，审定公司组织结构和管理体系；#br#4、受总裁委托负责召集和主持公司办公会议，监督公司各项规划和计划的实施；#br#5、负责领导、组织公司企业文化建设和对外宣传工作；#br#7、协助总裁对公司运作与各职能部门进行管理，协助监督各项管理制度的制定及推行；#br#8、负责协调公司部门之间的关系；#br#9、总裁交办的其他事务；#br#10、配合外部对公司尽职调查资料的收集与整理。#br#（三）销售经理#br#负责销售及客户投诉处理"
            },
            {
                "start_time": 1293811200,
                "end_time": 1333209600,
                "company": "苏宁环球集团云南苏宁旅游投资股份有限公司",
                "industry": "房地产",
                "size": "50-150人",
                "nature": "上市公司",
                "position": "总裁高级秘书、计划管理部主管、旅游文化策划",
                "department": "综合管理部",
                "duty": "1、总裁高级秘书一职，负责总裁常规事宜；#br#2、负责公司计划运营管理，参与与集团总部的计划管理、对接、编制、监控、风险预警以及月度、年度运营报告的编写，有扎实的计划执行能力，熟悉项目计划编制（包括年度运营计划、各部门专项计划、1、2、3、4级计划等）；#br#3、负责会议管理工作；#br#4、总裁日常行程安排；#br#5、对内、对外公文的编写；#br#6、完成公司的商务接待任务；#br#7、重要文件派送；#br#8、旅游地产相关策划工作；#br#9、旅游文化开发项目策划。"
            },
            {
                "start_time": 1233417600,
                "end_time": 1291132800,
                "company": "云南省旅游局、昆明艺嘉旅游规划公司",
                "industry": "酒店/旅游",
                "size": "50-150人",
                "nature": "民营公司",
                "position": "专业顾问",
                "department": "旅游规划部",
                "duty": "编制旅游开发规划文本：如安宁金色螳螂川旅游规划、绿春县总体规划、富源古敢水族文化区规划等。"
            }
        ],
        "projects": [
            {
                "start_time": 1333209600,
                "end_time": 2147483647,
                "name": "经典双城项目",
                "description": "昆明市、西市区未来的商业、住宅超级大盘。",
                "duty": "工作跟进、计划监督、总裁事宜、对外联系等"
            },
            {
                "start_time": 1293811200,
                "end_time": 2147483647,
                "name": "石林苏宁旅游文化区",
                "description": "石林苏宁旅游文化区是苏宁环球集团在石林风景区投资建设的一个超大型的旅游地产综合体，涵盖酒店（一座超五星和一座五星）别墅、演艺、博物馆、公园、购物中心等业态，投资超过100亿元人民币；",
                "duty": "计划管理、总裁安排事宜、对外联系、旅游地产策划、开发项目策划等。"
            }
        ],
        "education": [
            {
                "start_time": 1180627200,
                "end_time": 1264953600,
                "school": "云南师范大学",
                "degree": "硕士",
                "major": "地理科学",
                "class": "主要领域为区域经济学、区域管理、旅游经济学分析、区域规划与管理、投资分析、宏观经济学、地理学、规划学、文化地理学等"
            }
        ]
    }
}