{
    "template": "13",
    "data": {
        "true_id": "300015786",
        "update_time": 1473782400,
        "name": "姜瑶瑶",
        "city": "杭州-余杭区",
        "last_position": "网站营运专员",
        "last_company": "杭州微著网络有限公司",
        "industry": "互联网/电子商务",
        "major": "物流管理",
        "school": "浙江科技学院",
        "degree": "本科",
        "current_salary": "12万元",
        "phone": "18768176036",
        "email": "18768176036@163.com",
        "sex": "女",
        "birth_year": 1992,
        "work_year": "",
        "target_salary": "6000-7999元/月",
        "target_city": "杭州",
        "target_position": "销售管理 培训 网站营运专员 咨询/顾问",
        "target_industry": "互联网/电子商务 教育/培训/院校",
        "jump_time": "随时",
        "self_str": "1.  带领3人小团队，持续3个月耗课量、续费率、转介绍数（用户活跃度）排名第一。个人指标连续3个月排名第一； ?2.  根据学校学生不同时期教学进度，开展不同运营活动。如“高考100天”“双十一半价”； ?3.  有团队培训经验，擅长总结，分析数据； ?4.  善于同时处理多项任务； ?5.  在团队环境中表现出乐观和助人为乐的精神； ?6.  优秀的电话技能",
        "career": [
            {
                "start_time": 1443628800,
                "end_time": 2147483647,
                "company": "杭州微著网络有限公司",
                "industry": "互联网/电子商务",
                "position": "网站营运专员",
                "department": "教学运营",
                "duty": "主要职责：#br#1.对接和协调教师资源，调动老师上课积极性；#br#2.培训教师，提高老师的个人能力；#br#3.提高付费用户的活跃度和留存率，做好续费。整合付费用户产生的高质量内容，进行转介绍；#br#4.重要节点教学活动的开展和运营活动的规划参与；#br#5.收集平台用户反馈，配合产品团队输出产品与服务改进完善方案；#br#6.   附带销售部门培训工作：结合后期教学问题以及学生需求反馈，对销售部门成员进行培训。配合完善前后期的工作流程"
            },
            {
                "start_time": 1396281600,
                "end_time": 1441036800,
                "company": "学大教育",
                "industry": "教育/培训/院校",
                "nature": "上市公司",
                "position": "专业顾问",
                "department": "咨询部",
                "duty": "1. 负责电话的接听与邀约，邀约客户上门，针对学生的情况与家长进行沟通与分析，根据家长的需求介绍公司的产品，最终与家长签订合同，办理报名手续。个人业绩最高时期达到一个月23万；#br#2.  能确保完成每月的外呼任务，每天完成固定的外呼量，主动挖资源。4月份的外呼业绩完成9万，获得校区年度外呼达人奖；#br#3. 主动维护和家长的关系，关心后期学生的学习情况，深挖转介绍资源。"
            },
            {
                "start_time": 1330531200,
                "end_time": 1393603200,
                "company": "开淘宝店铺",
                "position": "学生实践",
                "duty": "在校期间有经营自己的淘宝店铺，主营男装。"
            },
            {
                "start_time": 1317398400,
                "end_time": 1341072000,
                "company": "在浙江省统计局兼职",
                "position": "学生实践",
                "duty": "按照国家统计局分配的统计任务，以问卷的形式进行电话外呼调查。"
            }
        ],
        "education": [
            {
                "start_time": 1283270400,
                "end_time": 1404144000,
                "school": "浙江科技学院",
                "degree": "本科",
                "major": "物流管理",
                "class": "专业包括会计学，市场营销学，统计学，经济学，经济法，电工电子学，数据库，C语言，以及物流相关专业。"
            }
        ]
    }
}