{
    "template": "16",
    "data": {
        "name": "向东卢",
        "last_position": "高级系统架构师，开发部主管",
        "email": "darrenlu@163.com",
        "birth": "1984 年 7 月 4 日",
        "city": "浙江 杭州",
        "industry": "计算机软件",
        "last_company": "浙江卓锐科技股份有限公司",
        "school": "浙江大学城市学院",
        "self_str": "Javaer，高级架构师。目前的工作涉及云数据中心及SaaS云服务等。",
        "career": [
            {
                "start_time": 1414771200,
                "end_time": 2147483647,
                "company": "高级系统架构师",
                "position": "浙江卓锐科技股份有限公司",
                "city": "中国 浙江 杭州",
                "duty": "开发智慧旅游方面的应用，也做公司核心产品方面的开发，如数据中心，云平台等，目前为公司开发部部门主管，管理公司的开发工作，下辖6个不同产品方向的开发组。"
            },
            {
                "start_time": 1396281600,
                "end_time": 1414771200,
                "company": "系统架构师",
                "position": "泰然财富",
                "city": "中国 浙江 杭州",
                "duty": "P2P金融方面。在公司时负责一个20多人的研发团队管理，期间涉及P2P网贷平台、支付和手机APP等产品，参与架构设计、系统编写和产品设计。"
            },
            {
                "start_time": 1322668800,
                "end_time": 1391184000,
                "company": "副总经理",
                "position": "杭州然九科技有效公司",
                "city": "中国 浙江 杭州",
                "duty": "和好友创办的电子商务公司。\n公司获得一些投资，主要经营牛皮女包和韩版女装。\n我负责运营和推广。\n公司体量较小，虽然运营上有章法，但是最终没能脱颖而出。\n2014年春节之后，停止公司运营。"
            },
            {
                "start_time": 1283270400,
                "end_time": 1322668800,
                "company": "总经理",
                "position": "浙江启诺皮具有限公司",
                "city": "中国 浙江 杭州",
                "duty": "该公司是我建立的，属于第二股东。\n生产和销售高档女士包包，工厂在广州白云区，电子商务运营放在杭州。\n我负责团队建设，品牌建设和推广，产品和广告投放(直通车，钻展和活动)。在经营saralotus旗舰店(公司主要店铺)的时候，新开店的第三个月就达到了单月销售过百万，冲入淘宝商城(现为天猫)箱包类目前20名。\n后因某些原因于2011年12月离开公司。"
            },
            {
                "start_time": 1259596800,
                "end_time": 1280592000,
                "company": "项目经理",
                "position": "浙江建达科技股份有限公司",
                "city": "",
                "duty": ""
            },
            {
                "start_time": 1185897600,
                "end_time": 1251734400,
                "company": "总经理",
                "position": "杭州捷道网络科技有限公司",
                "city": "中国 浙江 杭州",
                "duty": "大学毕业后自己创办的软件开发为主的小公司。主要是为杭州周边及绍兴等地的纺织企业(此类公司一般为进出口公司+下属的多个生产加工型工厂)定制生产管理ERP。"
            }
        ],
        "education": [
            {
                "school": ":浙江大学城市学院",
                "major": "信息与计算科学",
                "degree": "学士",
                "start_time": 1062345600,
                "end_time": 1180627200
            }
        ]
    }
}