{
    "template": "04",
    "data": {
        "update_time": 1314028800,
        "name": "Royal",
        "sex": "女",
        "birth_year": 1975,
        "marriage": "已婚",
        "height": "161CM",
        "city": "深圳市",
        "residence": "深圳市",
        "degree": "大专",
        "major": "艺术设计;",
        "last_position": "网页设计/制作/美工",
        "current_salary": "￥0",
        "industry": "计算机软件及服务",
        "target_salary": "面议",
        "target_city": "深圳市",
        "target_industry": "",
        "jump_time": "随时到岗",
        "target_position": "网页设计/制作/美工 平面设计",
        "phone": "13670167275",
        "email": "royalwang@yahoo.com",
        "address": "深圳市南山区 〔邮政编码：〕",
        "career": [
            {
                "start_time": 1220198400,
                "end_time": 1298908800,
                "position": "主要设计项目: 1.电子杂志设计：建行《蓝色银行》杂志的整体版面规划及版式设计、插图设计、封面主题设计及制作； 2.UI设计：主要是B/S模式的界面设计，主要项目：飞瑞斯汽车管家平台、深圳城建档案管理平台、朗汇呼叫中心等； 3.网站设计：\"乐之设计\"网站策划及设计；建行业务网络营销广告及网页设计、营销活动flash游戏设计等以及建行内部网站设计；",
                "company": "乐之设计",
                "salary": "保密"
            },
            {
                "start_time": 1033401600,
                "end_time": 1220198400,
                "position": "(2002.10-2003.2 兼职，一边在深大学习，2003.3-2008.9全职)，主要设计项目： 网站策划与设计：嘉讯通电信增值业务策划方案编写及设计;香港电话交友网站策划及设计;公司网站策划及设计 界面(UI)设计： CallCenter、T-switch、Conference、NetFax、联通移动QQ、联通会务通、香港议员数码办公、TCL电话会议等软件界面设计 平面设计： 本公司标志、宣传册、展板、充值卡、名片等设计 业务管理： 电信增值业务管理",
                "company": "深圳金华业通信科技有限公司",
                "salary": "保密"
            },
            {
                "start_time": 943977600,
                "end_time": 1014912000,
                "position": "主要负责：网大网站规划与设计／Flash动画制作／多媒体课件制作／网络广告设计 另外，其它公司项目设计： ① 负责罗湖教育信息网的设计。该项目是建立一个提供基于Web的全区范围的信息交流，教学资源共享，教育信息管理的信息平台。本人分析评估用户需求，并设计该网站整体风格及制作。 ② 负责好酷网的设计。该项目是为2001年广州大学生足球联赛赛事的直播和相关介绍提供了一个信息交流的平台。本人负责该网站的flash片头动画短片、所有广告的设计制作. ③ 2001中国大学排行榜的形象页设计以及中英文数据页面的设计制作。 在此过程中，有良好的和客户合作经验，以及和程序员协作经验。",
                "company": "网大(中国)有限公司",
                "salary": "保密"
            },
            {
                "start_time": 917798400,
                "end_time": 943977600,
                "position": "主要负责：软件界面设计／协助编写技术文档以及系统测试 独立创意以WEB的方式进行公司档案管理，并负责设计，大大提高公司资源的利用率。",
                "company": "深圳颖源电脑技术有限公司",
                "salary": "保密"
            },
            {
                "start_time": 854726400,
                "end_time": 915120000,
                "position": "97.2－97.7 负责人事管理的工作。 97.7－99.1 在MIS部协助开发人员编写技术文档。",
                "company": "深圳致达电子有限公司",
                "salary": "保密"
            }
        ],
        "skills": "熟练运用Photoshop、Corldraw、Flash、Dreamweaver、Premiere、ImageReady等; 手写CSS/HTML、网站重构(DIV CSS)代码; 了解JavaScript特效及PHP/ASP后台程序实现原理.",
        "education": [
            {
                "start_time": 1030809600,
                "end_time": 1044028800,
                "degree": "大专",
                "major": "艺术设计(企业策划与CI设计)",
                "school": "深圳大学艺术与设计学院",
                "class": "艺术设计(企业策划与CI设计方向)学习: - 平面构成作品“韵律”被深大艺术学院收藏 - 标志设计“2008年奥运会会徽”,陈建军老师的一句“非常不错”,给我很大的鼓励 - 以鱼为基础的图形设计, 张岩鑫老师的点评“手工很细” ...在深圳大学的学习，有所收获也有些失望...也更关注平面设计，有机会在工作中得以实践。"
            },
            {
                "start_time": 715276800,
                "end_time": 801936000,
                "degree": "中专",
                "major": "财会",
                "school": "荆沙市财政会计学校",
                "class": ""
            }
        ]
    }
}