{
    "template": "15",
    "data": {
        "last_company": "真旅网计算机软件开发(上海)有限公司",
        "last_position": "运营总监",
        "work_year": "12年以上",
        "age": 34,
        "marriage": "已婚",
        "phone": "13917680734",
        "email": "57267043@qq.com",
        "residence": "上海",
        "city": "上海",
        "target_industry": "互联网/移动互联网/电子商务",
        "target_position": "运营总监;产品经理/主管;项目经理/主管",
        "target_city": "上海",
        "target_salary": "面议",
        "career": [
            {
                "company": "真旅网计算机软件开发(上海)有限公司",
                "nature": "私营·民营企业",
                "size": "1000-2000人",
                "industry": "互联网/移动互联网/电子商务",
                "start_time": 1406822400,
                "end_time": 2147483647,
                "position": "运营经理",
                "city": "上海",
                "department": "旅游运营部",
                "report_to": "副总裁",
                "underlings": "20",
                "duty": "1#br#，组建真旅网#br#天地行平台自由行，旅游，签证，邮轮，目的地游板块#br#建立起来，配置人员，安排岗位职责，针对产品进行人员培训。#br#2，搭建旅游产品客服部和销售部，建立前后台沟通流程和运营模式流程。解决平台运营中出现的各类问题。#br#3，结合市场调研，根据客户行为分析，整合公司现有内部数据，进行分析，以公司现有数据并梳理公司现有的各方面资源。用优势资源包装产品并推向市场，符合高中低产品#br#定位#br#4，开拓各类营销渠道，与各大电商平台（淘宝，京东，穷游，国美，途牛，同程）展开产品合作及运营。并与各大供应商谈判#br#入驻平台事宜。#br#5，与技术沟通，对天地行旅游，自由行，签证，邮轮板块进行迭代。完善用户体验，提升用户活跃度。提高产品转化率。"
            },
            {
                "company": "中青旅控股股份有限公司",
                "nature": "国内上市公司",
                "size": "1000-2000人",
                "industry": "旅游/酒店/餐饮服务/生活服务",
                "start_time": 1333209600,
                "end_time": 1406822400,
                "position": "计调经理",
                "city": "上海",
                "department": "上海分公司",
                "report_to": "产品总监",
                "underlings": "3",
                "duty": "1#br#，积极完成公司下达的各项预算任务，完成绩效考核方案#br#2，对各类团队行程进行报价，设计，操作#br#3，负责与旅欧销售，客服进行#br#积极沟通。根据客户需求，设计和完善各类旅游产品。处理完善各类投诉#br#4，把控各类#br#供应商的产品质量，拓展多供应商#br#5，对部门日常工作进行管理"
            },
            {
                "company": "上海航空假期旅行社有限公司",
                "nature": "国有企业",
                "size": "500-999人",
                "industry": "旅游/酒店/餐饮服务/生活服务",
                "start_time": 1212249600,
                "end_time": 1333209600,
                "position": "店长",
                "city": "上海",
                "department": "旅游部",
                "report_to": "门店管理",
                "underlings": "3",
                "duty": "1.#br#销售公司国内游，出境游产品。完成公司下达的销售指标。#br#2.对门店进行日常管理及维护。#br#3.维护门店老客户及信息整理，积极开发新客户。扩大门店所在#br#地区的影响力。#br#4.培训员工业务操作和培训，使员工对公司ERP系统熟练运用及熟悉公司产品#br#5.妥善处理客户投诉及建议，积极维护公司形象。"
            },
            {
                "company": "上海佳速旅行社有限公司",
                "industry": "旅游/酒店/餐饮服务/生活服务",
                "start_time": 1154361600,
                "end_time": 1206979200,
                "position": "计调",
                "city": "上海",
                "duty": "1.#br#主要进行三亚自由行，纯玩团#br#，国内其他线路的市场推广，并在网络以及电子商务类型网站上的信息发布和更新，制定每月促销计划。#br#2.与三亚主要酒店合作进行平面广告投放#br#3.接待客户的旅游咨询，给予客人适当的出行意见，并达成相关意向"
            },
            {
                "company": "海南东方国旅三亚分社上海办事处",
                "industry": "旅游/酒店/餐饮服务/生活服务",
                "start_time": 1093968000,
                "end_time": 1151683200,
                "position": "计调",
                "city": "上海",
                "duty": "1.#br#与东美航空旅游有限公司合作，控房，控位。幷#br#推广和销售三亚自由行的产品。#br#2.接待客户对于出游的咨询。负责安排客人的机票预定和酒店房间安排。#br#3.对于已出发的团队进行跟踪回访，了解客户建议与信息。完善各条线路的规划和安排。"
            }
        ],
        "education": [
            {
                "start_time": 1251734400,
                "end_time": 1338480000,
                "school": "华东理工大学",
                "major": "商务管理",
                "degree": "本科"
            }
        ],
        "projects": [
            {
                "start_time": 1483200000,
                "end_time": 1496246400,
                "name": "年好时光微信",
                "position": "项目经理#br#项目经理",
                "description": "该项目主要以中老年C#br#该项目主要以中老年C#br#端群体为细分市场。通过与上海市体育总会以及静安区体育局承办广场舞大赛以及木兰拳比赛#br#为切入进入这些群体。并通过多种赛事和街道社区丰富多样的活动，让中老年群体关注微信。#br#前期微信吸粉#br#，目前通过微信及#br#线下活动增加粉丝粘性。最终为公司的旅游，邮轮等产品进行售卖和提升销售额",
                "duty": "负责搭建好时光（上海）电子商务有限公司，招聘人员，职责分工，制定部门职责以及人员职责安排#br#负责搭建好时光（上海）电子商务有限公司，招聘人员，职责分工，制定部门职责以及人员职责安排#br#与上海市体育总会及静安区体育局对接赛事，与各街道沟通，组织活动。#br#运营微信订阅号以及服务号",
                "performance": "微信粉丝关注10#br#微信粉丝关注10#br#万+#br#"
            },
            {
                "start_time": 1472659200,
                "end_time": 1480521600,
                "name": "2016年淘宝双11大促",
                "performance": "2016年公司以1亿3#br#2016年公司以1亿3#br#千万#br#夺得阿里旅行第一名。#br#天地行电子卡销售额8#br#千万#br#。#br#",
                "position": "项目经理#br#项目经理",
                "description": "该项目主要在于2015年的天地行电子预付卡的基础上进行业务操作的迭代和优化，使各部门都能够顺畅的运行各自的职责和分工。#br#该项目主要在于2015年的天地行电子预付卡的基础上进行业务操作的迭代和优化，使各部门都能够顺畅的运行各自的职责和分工。#br#从线下引入更多流量到达线上，转化购买率。",
                "duty": "作为该项目的负责人，电子预付费卡的#br#作为该项目的负责人，电子预付费卡的#br#种类也在2015年的基础上进行了调整和改变。将操作需求上线并使用。"
            },
            {
                "start_time": 1438358400,
                "end_time": 1448899200,
                "name": "2015年淘宝双11大促",
                "performance": "公司以1亿2#br#公司以1亿2#br#千万#br#获得阿里旅行第一名。#br#天地行平台电子卡销售额7#br#千万#br#。#br#",
                "position": "项目经理#br#项目经理",
                "description": "该项目主要是在淘宝店铺#br#该项目主要是在淘宝店铺#br#内售卖公司新的业务线#br#--电子卡。#br#该卡为预付费充值型卡类。将公司平台天地行充值卡在淘宝店铺#br#内售卖，需要进行接口对接和订单状态的实时调取。#br#在需求调研到原型确定以及上线运营，全程负责并实施贯彻。",
                "duty": "作为淘宝双#br#作为淘宝双#br#11大促电子卡的项目负责人。#br#从公司的机票运营部，客服部，销售部，技术部，市场部，财务部的跨部门协调。#br#跟踪及监控产品及活动上线后的运营情况，进行及时的调整和优化，以推进产品的改进"
            },
            {
                "start_time": 1412092800,
                "end_time": 1433088000,
                "name": "2014年淘宝双11大促",
                "performance": "仅仅整个淘宝双#br#仅仅整个淘宝双#br#11大促期间，店铺内香港自由行成交#br#人次为8000人，新加坡自由行人次为#br#3000人。公司的淘宝店铺#br#夺得了淘宝阿里#br#旅行度假类目第一名的好成绩。",
                "position": "产品经理#br#产品经理",
                "description": "该项目主要依托淘宝网双#br#该项目主要依托淘宝网双#br#11大促契机，售卖公司的各类旅游资源。大包公司的各类资源，组合成自由行产品，符合淘宝用户#br#习惯和消费观。#br#组合的自由行产品#br#主要为，香港自由行和新加坡自由行。",
                "duty": "负责进行香港自由行和新加坡自由行的产品成本核算以及售卖价格制定。以及产品的报名通道和产品上线后的流量监测和转化率。#br#负责进行香港自由行和新加坡自由行的产品成本核算以及售卖价格制定。以及产品的报名通道和产品上线后的流量监测和转化率。#br#协调机票部门和酒店部门进行跨部门合作。"
            }
        ],
        "self_str": "1，拥有传统服务行业#br#+互联网10年以上的经验，出色的执行能力，沟通能力，组织协调能力，学习能力。#br#2，良好的解决问题的能力，针对突发事件的快速处理，信息的及时收集和反馈能力#br#3，具有各大#br#OTA#br#以及供应链金融，政府部门等资源#br#4，拥有#br#7#br#年传统旅行社和3年互联网在线平台团队管理经验；#br#5，擅长与合作协作部门的组织，合作，沟通。管理并执行各类大项目#br#6，精通培训和团队建设，包括增强团队凝聚力。"
    }
}