{
    "template": "12",
    "data": {
        "true_id": "JM501718846R90250000000",
        "name": "薛明转",
        "sex": "女",
        "birth_year": 1991,
        "marriage": "未婚",
        "height": "",
        "degree": "本科",
        "work_begin": "",
        "residence": "温州",
        "city": "上海浦东新区",
        "phone": "15000368467",
        "address": "",
        "email": "296675393@qq.com",
        "qq": "296675393",
        "postcode": "",
        "target_city": "上海",
        "target_position": "WEB前端开发、游戏设计/开发、语音/视频/图形开发、移动互联网开发、ERP技术/开发应用",
        "target_industry": "计算机软件",
        "current_salary": "",
        "self_str": "性格外向，对工作态度认真仔细，负责任，学习能力强，有上进心，不断学习新技术和知识，总结和巩固，不断提升自己素养和知识文化水平。大学期间连续三年（大一不能参与评审）获得国家级励志奖学金和国家奖学金。毕业时被评为云南省省级优秀毕业生。同时考取了英语六级、网络工程师中级职称、软件设计师中级职称。数学建模担任组长获取了国家二等奖。",
        "photo": "",
        "homepage": "",
        "update_time": 1444752000,
        "career": [
            {
                "start_time": 1404144000,
                "end_time": 2147483647,
                "city": "",
                "company": "盛大网络游戏公司",
                "nature": "",
                "size": "",
                "industry": "",
                "salary": "",
                "duty": "主要负责热血序章的客户端开发，完成策划案指定需求的程序，增加游戏新功能，修正一些bug以及一些代码重构工作。",
                "left_reason": ""
            }
        ],
        "projects": [
            {
                "start_time": 1404144000,
                "end_time": 1433088000,
                "name": "传奇序章游戏",
                "description": "序章是继热血传奇之后的一款类热血似传奇的新游戏。",
                "duty": "主要负责传奇序章的开发和维护工作"
            }
        ],
        "education": [
            {
                "start_time": 1283270400,
                "end_time": 1404144000,
                "school": "云南大学旅游文化学院",
                "major": "计算机科学与技术",
                "degree": "本科"
            }
        ]
    }
}